###############################################################################
#
# IAR ELF Linker V7.40.3.8902/W32 for ARM                 12/Sep/2015  14:05:24
# Copyright 2007-2015 IAR Systems AB.
#
#    Output file  =  
#        C:\Documents and Settings\Vassily\Рабочий
#        стол\STM32TEST\trunk\EWARM\MSU5001 Configuration\Exe\MSU5001
#        Configuration.out
#    Map file     =  
#        C:\Documents and Settings\Vassily\Рабочий
#        стол\STM32TEST\trunk\EWARM\MSU5001 Configuration/List\MSU5001
#        Configuration.map
#    Command line =  
#        "C:\Documents and Settings\Vassily\Рабочий
#        стол\STM32TEST\trunk\EWARM\MSU5001 Configuration\Obj\main.o"
#        "C:\Documents and Settings\Vassily\Рабочий
#        стол\STM32TEST\trunk\EWARM\MSU5001
#        Configuration\Obj\startup_stm32f101xe.o" "C:\Documents and
#        Settings\Vassily\Рабочий стол\STM32TEST\trunk\EWARM\MSU5001
#        Configuration\Obj\stm32f1xx_hal.o" "C:\Documents and
#        Settings\Vassily\Рабочий стол\STM32TEST\trunk\EWARM\MSU5001
#        Configuration\Obj\stm32f1xx_hal_adc.o" "C:\Documents and
#        Settings\Vassily\Рабочий стол\STM32TEST\trunk\EWARM\MSU5001
#        Configuration\Obj\stm32f1xx_hal_adc_ex.o" "C:\Documents and
#        Settings\Vassily\Рабочий стол\STM32TEST\trunk\EWARM\MSU5001
#        Configuration\Obj\stm32f1xx_hal_cortex.o" "C:\Documents and
#        Settings\Vassily\Рабочий стол\STM32TEST\trunk\EWARM\MSU5001
#        Configuration\Obj\stm32f1xx_hal_crc.o" "C:\Documents and
#        Settings\Vassily\Рабочий стол\STM32TEST\trunk\EWARM\MSU5001
#        Configuration\Obj\stm32f1xx_hal_dma.o" "C:\Documents and
#        Settings\Vassily\Рабочий стол\STM32TEST\trunk\EWARM\MSU5001
#        Configuration\Obj\stm32f1xx_hal_flash.o" "C:\Documents and
#        Settings\Vassily\Рабочий стол\STM32TEST\trunk\EWARM\MSU5001
#        Configuration\Obj\stm32f1xx_hal_flash_ex.o" "C:\Documents and
#        Settings\Vassily\Рабочий стол\STM32TEST\trunk\EWARM\MSU5001
#        Configuration\Obj\stm32f1xx_hal_gpio.o" "C:\Documents and
#        Settings\Vassily\Рабочий стол\STM32TEST\trunk\EWARM\MSU5001
#        Configuration\Obj\stm32f1xx_hal_gpio_ex.o" "C:\Documents and
#        Settings\Vassily\Рабочий стол\STM32TEST\trunk\EWARM\MSU5001
#        Configuration\Obj\stm32f1xx_hal_i2c.o" "C:\Documents and
#        Settings\Vassily\Рабочий стол\STM32TEST\trunk\EWARM\MSU5001
#        Configuration\Obj\stm32f1xx_hal_iwdg.o" "C:\Documents and
#        Settings\Vassily\Рабочий стол\STM32TEST\trunk\EWARM\MSU5001
#        Configuration\Obj\stm32f1xx_hal_msp.o" "C:\Documents and
#        Settings\Vassily\Рабочий стол\STM32TEST\trunk\EWARM\MSU5001
#        Configuration\Obj\stm32f1xx_hal_pwr.o" "C:\Documents and
#        Settings\Vassily\Рабочий стол\STM32TEST\trunk\EWARM\MSU5001
#        Configuration\Obj\stm32f1xx_hal_rcc.o" "C:\Documents and
#        Settings\Vassily\Рабочий стол\STM32TEST\trunk\EWARM\MSU5001
#        Configuration\Obj\stm32f1xx_hal_rcc_ex.o" "C:\Documents and
#        Settings\Vassily\Рабочий стол\STM32TEST\trunk\EWARM\MSU5001
#        Configuration\Obj\stm32f1xx_hal_uart.o" "C:\Documents and
#        Settings\Vassily\Рабочий стол\STM32TEST\trunk\EWARM\MSU5001
#        Configuration\Obj\stm32f1xx_hal_wwdg.o" "C:\Documents and
#        Settings\Vassily\Рабочий стол\STM32TEST\trunk\EWARM\MSU5001
#        Configuration\Obj\stm32f1xx_it.o" "C:\Documents and
#        Settings\Vassily\Рабочий стол\STM32TEST\trunk\EWARM\MSU5001
#        Configuration\Obj\system_stm32f1xx.o" --redirect _Printf=_PrintfFull
#        --redirect _Scanf=_ScanfFull -o "C:\Documents and
#        Settings\Vassily\Рабочий стол\STM32TEST\trunk\EWARM\MSU5001
#        Configuration\Exe\MSU5001 Configuration.out" --map "C:\Documents and
#        Settings\Vassily\Рабочий стол\STM32TEST\trunk\EWARM\MSU5001
#        Configuration/List\MSU5001 Configuration.map" --config "C:\Documents
#        and Settings\Vassily\Рабочий
#        стол\STM32TEST\trunk\EWARM\stm32f101xe_flash.icf" --semihosting
#        --entry __iar_program_start --vfe
#
###############################################################################

*******************************************************************************
*** RUNTIME MODEL ATTRIBUTES
***

CppFlavor       = *
__SystemLibrary = DLib


*******************************************************************************
*** PLACEMENT SUMMARY
***

"A1":  place at 0x08000000 { ro section .intvec };
"P1":  place in [from 0x08000000 to 0x0807ffff] { ro };
"P2":  place in [from 0x20000000 to 0x2000bfff] { rw, block CSTACK, block HEAP };

  Section            Kind        Address    Size  Object
  -------            ----        -------    ----  ------
"A1":                                      0x130
  .intvec            ro code  0x08000000   0x130  startup_stm32f101xe.o [1]
                            - 0x08000130   0x130

"P1":                                     0x1b2c
  .text              ro code  0x08000130   0x5ac  stm32f1xx_hal_rcc.o [1]
  .text              ro code  0x080006dc    0x74  stm32f1xx_hal.o [1]
  .text              ro code  0x08000750    0x56  ABImemcpy_unaligned.o [4]
  .text              ro code  0x080007a8    0xe2  stm32f1xx_hal_cortex.o [1]
  .text              ro code  0x0800088c   0x1b8  stm32f1xx_hal_msp.o [1]
  .text              ro code  0x08000a44   0x1cc  stm32f1xx_hal_gpio.o [1]
  .text              ro code  0x08000c10   0x408  stm32f1xx_hal_i2c.o [1]
  .text              ro code  0x08001018   0x33c  stm32f1xx_hal_adc.o [1]
  .text              ro code  0x08001354     0x2  stm32f1xx_hal_adc_ex.o [1]
  .text              ro code  0x08001358   0x308  stm32f1xx_hal_uart.o [1]
  .text              ro code  0x08001660   0x234  main.o [1]
  .text              ro code  0x08001894    0x1e  stm32f1xx_hal_crc.o [1]
  .text              ro code  0x080018b2    0x54  stm32f1xx_hal_iwdg.o [1]
  .text              ro code  0x08001906    0x42  stm32f1xx_hal_wwdg.o [1]
  .text              ro code  0x08001948    0xb4  stm32f1xx_hal_rcc_ex.o [1]
  .text              ro code  0x080019fc    0x4c  system_stm32f1xx.o [1]
  .text              ro code  0x08001a48    0x40  zero_init3.o [4]
  .text              ro code  0x08001a88    0x38  stm32f1xx_it.o [1]
  .text              ro code  0x08001ac0    0x2c  copy_init3.o [4]
  .text              ro code  0x08001aec    0x28  data_init.o [4]
  .iar.init_table    const    0x08001b14    0x24  - Linker created -
  .text              ro code  0x08001b38    0x1a  cmain.o [4]
  .text              ro code  0x08001b52     0x4  low_level_init.o [3]
  .text              ro code  0x08001b56     0x4  exit.o [3]
  .text              ro code  0x08001b5c     0xa  cexit.o [4]
  .text              ro code  0x08001b68    0x14  exit.o [5]
  .text              ro code  0x08001b7c    0x10  startup_stm32f101xe.o [1]
  .text              ro code  0x08001b8c     0xc  cstartup_M.o [4]
  .text              ro code  0x08001b98     0x4  startup_stm32f101xe.o [1]
  .text              ro code  0x08001b9c     0x4  startup_stm32f101xe.o [1]
  .text              ro code  0x08001ba0     0x4  startup_stm32f101xe.o [1]
  .text              ro code  0x08001ba4     0x4  startup_stm32f101xe.o [1]
  .text              ro code  0x08001ba8     0x4  startup_stm32f101xe.o [1]
  .text              ro code  0x08001bac     0x4  startup_stm32f101xe.o [1]
  .text              ro code  0x08001bb0     0x4  startup_stm32f101xe.o [1]
  .text              ro code  0x08001bb4     0x4  startup_stm32f101xe.o [1]
  .text              ro code  0x08001bb8     0x4  startup_stm32f101xe.o [1]
  .text              ro code  0x08001bbc     0x4  startup_stm32f101xe.o [1]
  .text              ro code  0x08001bc0     0x4  startup_stm32f101xe.o [1]
  .text              ro code  0x08001bc4     0x4  startup_stm32f101xe.o [1]
  .text              ro code  0x08001bc8     0x4  startup_stm32f101xe.o [1]
  .text              ro code  0x08001bcc     0x4  startup_stm32f101xe.o [1]
  .text              ro code  0x08001bd0     0x4  startup_stm32f101xe.o [1]
  .text              ro code  0x08001bd4     0x4  startup_stm32f101xe.o [1]
  .text              ro code  0x08001bd8     0x4  startup_stm32f101xe.o [1]
  .text              ro code  0x08001bdc     0x4  startup_stm32f101xe.o [1]
  .text              ro code  0x08001be0     0x4  startup_stm32f101xe.o [1]
  .text              ro code  0x08001be4     0x4  startup_stm32f101xe.o [1]
  .text              ro code  0x08001be8     0x4  startup_stm32f101xe.o [1]
  .text              ro code  0x08001bec     0x4  startup_stm32f101xe.o [1]
  .text              ro code  0x08001bf0     0x4  startup_stm32f101xe.o [1]
  .text              ro code  0x08001bf4     0x4  startup_stm32f101xe.o [1]
  .text              ro code  0x08001bf8     0x4  startup_stm32f101xe.o [1]
  .text              ro code  0x08001bfc     0x4  startup_stm32f101xe.o [1]
  .text              ro code  0x08001c00     0x4  startup_stm32f101xe.o [1]
  .text              ro code  0x08001c04     0x4  startup_stm32f101xe.o [1]
  .text              ro code  0x08001c08     0x4  startup_stm32f101xe.o [1]
  .text              ro code  0x08001c0c     0x4  startup_stm32f101xe.o [1]
  .text              ro code  0x08001c10     0x4  startup_stm32f101xe.o [1]
  .text              ro code  0x08001c14     0x4  startup_stm32f101xe.o [1]
  .text              ro code  0x08001c18     0x4  startup_stm32f101xe.o [1]
  .text              ro code  0x08001c1c     0x4  startup_stm32f101xe.o [1]
  .text              ro code  0x08001c20     0x4  startup_stm32f101xe.o [1]
  .text              ro code  0x08001c24     0x4  startup_stm32f101xe.o [1]
  .text              ro code  0x08001c28     0x4  startup_stm32f101xe.o [1]
  .text              ro code  0x08001c2c     0x4  startup_stm32f101xe.o [1]
  .text              ro code  0x08001c30     0x4  startup_stm32f101xe.o [1]
  .text              ro code  0x08001c34     0x4  startup_stm32f101xe.o [1]
  .text              ro code  0x08001c38     0x4  startup_stm32f101xe.o [1]
  .text              ro code  0x08001c3c     0x4  startup_stm32f101xe.o [1]
  .text              ro code  0x08001c40     0x4  startup_stm32f101xe.o [1]
  .text              ro code  0x08001c44     0x4  startup_stm32f101xe.o [1]
  .text              ro code  0x08001c48     0x4  startup_stm32f101xe.o [1]
  .text              ro code  0x08001c4c     0x4  startup_stm32f101xe.o [1]
  .text              ro code  0x08001c50     0x4  startup_stm32f101xe.o [1]
  .text              ro code  0x08001c54     0x4  startup_stm32f101xe.o [1]
  .rodata            const    0x08001c58     0x0  zero_init3.o [4]
  .rodata            const    0x08001c58     0x0  copy_init3.o [4]
  Initializer bytes  const    0x08001c58     0x4  <for P2 s0>
                            - 0x08001c5c  0x1b2c

"P2":                                      0x4e0
  P2 s0                       0x20000000     0x4  <Init block>
    .data            inited   0x20000000     0x4  system_stm32f1xx.o [1]
  .bss               zero     0x20000004    0xd8  main.o [1]
  .bss               zero     0x200000dc     0x4  stm32f1xx_hal.o [1]
  CSTACK                      0x200000e0   0x400  <Block>
    CSTACK           uninit   0x200000e0   0x400  <Block tail>
                            - 0x200004e0   0x4e0


*******************************************************************************
*** INIT TABLE
***

          Address     Size
          -------     ----
Zero (__iar_zero_init3)
    1 destination range, total size 0xdc:
          0x20000004  0xdc

Copy (__iar_copy_init3)
    1 source range, total size 0x4:
          0x08001c58   0x4
    1 destination range, total size 0x4:
          0x20000000   0x4



*******************************************************************************
*** MODULE SUMMARY
***

    Module                  ro code  ro data  rw data
    ------                  -------  -------  -------
C:\Documents and Settings\Vassily\Рабочий стол\STM32TEST\trunk\EWARM\MSU5001 Configuration\Obj: [1]
    main.o                      564               216
    startup_stm32f101xe.o       512
    stm32f1xx_hal.o             116                 4
    stm32f1xx_hal_adc.o         828
    stm32f1xx_hal_adc_ex.o        2
    stm32f1xx_hal_cortex.o      226
    stm32f1xx_hal_crc.o          30
    stm32f1xx_hal_gpio.o        460
    stm32f1xx_hal_i2c.o       1 032
    stm32f1xx_hal_iwdg.o         84
    stm32f1xx_hal_msp.o         440
    stm32f1xx_hal_rcc.o       1 452
    stm32f1xx_hal_rcc_ex.o      180
    stm32f1xx_hal_uart.o        776
    stm32f1xx_hal_wwdg.o         66
    stm32f1xx_it.o               56
    system_stm32f1xx.o           76        4        4
    -------------------------------------------------
    Total:                    6 900        4      224

command line: [2]
    -------------------------------------------------
    Total:

dl7M_tlf.a: [3]
    exit.o                        4
    low_level_init.o              4
    -------------------------------------------------
    Total:                        8

rt7M_tl.a: [4]
    ABImemcpy_unaligned.o        86
    cexit.o                      10
    cmain.o                      26
    copy_init3.o                 44
    cstartup_M.o                 12
    data_init.o                  40
    zero_init3.o                 64
    -------------------------------------------------
    Total:                      282

shb_l.a: [5]
    exit.o                       20
    -------------------------------------------------
    Total:                       20

    Gaps                         10
    Linker created                        36    1 024
-----------------------------------------------------
    Grand Total:              7 220       40    1 248


*******************************************************************************
*** ENTRY LIST
***

Entry                      Address   Size  Type      Object
-----                      -------   ----  ----      ------
.iar.init_table$$Base   0x08001b14          --   Gb  - Linker created -
.iar.init_table$$Limit  0x08001b38          --   Gb  - Linker created -
?main                   0x08001b39         Code  Gb  cmain.o [4]
ADC1_IRQHandler         0x08001a9b    0x6  Code  Gb  stm32f1xx_it.o [1]
ADC_ConversionStop_Disable
                        0x08001311   0x44  Code  Gb  stm32f1xx_hal_adc.o [1]
CSTACK$$Base            0x200000e0          --   Gb  - Linker created -
CSTACK$$Limit           0x200004e0          --   Gb  - Linker created -
HAL_ADCEx_InjectedConvCpltCallback
                        0x08001355    0x2  Code  Wk  stm32f1xx_hal_adc_ex.o [1]
HAL_ADC_ConfigChannel   0x080011fd   0xe2  Code  Gb  stm32f1xx_hal_adc.o [1]
HAL_ADC_ConvCpltCallback
                        0x080011f9    0x2  Code  Wk  stm32f1xx_hal_adc.o [1]
HAL_ADC_IRQHandler      0x08001109   0xd8  Code  Gb  stm32f1xx_hal_adc.o [1]
HAL_ADC_Init            0x08001019   0xf0  Code  Gb  stm32f1xx_hal_adc.o [1]
HAL_ADC_LevelOutOfWindowCallback
                        0x080011fb    0x2  Code  Wk  stm32f1xx_hal_adc.o [1]
HAL_ADC_MspInit         0x080008c5   0x4e  Code  Gb  stm32f1xx_hal_msp.o [1]
HAL_CRC_Init            0x08001895   0x1e  Code  Gb  stm32f1xx_hal_crc.o [1]
HAL_CRC_MspInit         0x08000913   0x22  Code  Gb  stm32f1xx_hal_msp.o [1]
HAL_Delay               0x08000731   0x18  Code  Wk  stm32f1xx_hal.o [1]
HAL_GPIO_Init           0x08000a45  0x188  Code  Gb  stm32f1xx_hal_gpio.o [1]
HAL_GPIO_TogglePin      0x08000bcd    0x8  Code  Gb  stm32f1xx_hal_gpio.o [1]
HAL_GetTick             0x0800072b    0x6  Code  Wk  stm32f1xx_hal.o [1]
HAL_I2C_ER_IRQHandler   0x08000e85   0xc6  Code  Gb  stm32f1xx_hal_i2c.o [1]
HAL_I2C_EV_IRQHandler   0x08000cfb  0x15a  Code  Gb  stm32f1xx_hal_i2c.o [1]
HAL_I2C_ErrorCallback   0x08000f5f    0x2  Code  Wk  stm32f1xx_hal_i2c.o [1]
HAL_I2C_Init            0x08000c11   0xca  Code  Gb  stm32f1xx_hal_i2c.o [1]
HAL_I2C_MasterRxCpltCallback
                        0x08000f55    0x2  Code  Wk  stm32f1xx_hal_i2c.o [1]
HAL_I2C_MasterTxCpltCallback
                        0x08000f53    0x2  Code  Wk  stm32f1xx_hal_i2c.o [1]
HAL_I2C_MemRxCpltCallback
                        0x08000f5d    0x2  Code  Wk  stm32f1xx_hal_i2c.o [1]
HAL_I2C_MemTxCpltCallback
                        0x08000f5b    0x2  Code  Wk  stm32f1xx_hal_i2c.o [1]
HAL_I2C_MspInit         0x08000935   0x52  Code  Gb  stm32f1xx_hal_msp.o [1]
HAL_I2C_SlaveRxCpltCallback
                        0x08000f59    0x2  Code  Wk  stm32f1xx_hal_i2c.o [1]
HAL_I2C_SlaveTxCpltCallback
                        0x08000f57    0x2  Code  Wk  stm32f1xx_hal_i2c.o [1]
HAL_IWDG_Init           0x080018b3   0x54  Code  Gb  stm32f1xx_hal_iwdg.o [1]
HAL_IWDG_MspInit        0x0800098f    0x2  Code  Gb  stm32f1xx_hal_msp.o [1]
HAL_IncTick             0x08000721    0xa  Code  Wk  stm32f1xx_hal.o [1]
HAL_Init                0x080006dd   0x20  Code  Gb  stm32f1xx_hal.o [1]
HAL_InitTick            0x080006fd   0x24  Code  Wk  stm32f1xx_hal.o [1]
HAL_MspInit             0x0800088d   0x38  Code  Gb  stm32f1xx_hal_msp.o [1]
HAL_NVIC_EnableIRQ      0x08000817    0xc  Code  Gb  stm32f1xx_hal_cortex.o [1]
HAL_NVIC_SetPriority    0x080007dd   0x3a  Code  Gb  stm32f1xx_hal_cortex.o [1]
HAL_NVIC_SetPriorityGrouping
                        0x080007c3   0x1a  Code  Gb  stm32f1xx_hal_cortex.o [1]
HAL_RCCEx_PeriphCLKConfig
                        0x08001949   0xa8  Code  Gb  stm32f1xx_hal_rcc_ex.o [1]
HAL_RCC_CSSCallback     0x080006b5    0x2  Code  Wk  stm32f1xx_hal_rcc.o [1]
HAL_RCC_ClockConfig     0x08000433  0x144  Code  Gb  stm32f1xx_hal_rcc.o [1]
HAL_RCC_EnableCSS       0x080005c5    0x8  Code  Gb  stm32f1xx_hal_rcc.o [1]
HAL_RCC_GetHCLKFreq     0x0800061f   0x20  Code  Gb  stm32f1xx_hal_rcc.o [1]
HAL_RCC_GetPCLK1Freq    0x0800063f   0x10  Code  Gb  stm32f1xx_hal_rcc.o [1]
HAL_RCC_GetPCLK2Freq    0x0800064f    0xe  Code  Gb  stm32f1xx_hal_rcc.o [1]
HAL_RCC_GetSysClockFreq
                        0x080005cd   0x52  Code  Gb  stm32f1xx_hal_rcc.o [1]
HAL_RCC_NMI_IRQHandler  0x08000671   0x14  Code  Gb  stm32f1xx_hal_rcc.o [1]
HAL_RCC_OscConfig       0x08000131  0x2cc  Code  Gb  stm32f1xx_hal_rcc.o [1]
HAL_SYSTICK_CLKSourceConfig
                        0x08000853   0x14  Code  Gb  stm32f1xx_hal_cortex.o [1]
HAL_SYSTICK_Callback    0x08000889    0x2  Code  Wk  stm32f1xx_hal_cortex.o [1]
HAL_SYSTICK_Config      0x0800082b   0x28  Code  Gb  stm32f1xx_hal_cortex.o [1]
HAL_SYSTICK_IRQHandler  0x08000881    0x8  Code  Gb  stm32f1xx_hal_cortex.o [1]
HAL_UART_ErrorCallback  0x080014f7    0x2  Code  Wk  stm32f1xx_hal_uart.o [1]
HAL_UART_IRQHandler     0x080013cb  0x128  Code  Gb  stm32f1xx_hal_uart.o [1]
HAL_UART_Init           0x08001359   0x26  Code  Gb  stm32f1xx_hal_uart.o [1]
HAL_UART_MspInit        0x08000991   0x62  Code  Gb  stm32f1xx_hal_msp.o [1]
HAL_UART_RxCpltCallback
                        0x080014f5    0x2  Code  Wk  stm32f1xx_hal_uart.o [1]
HAL_UART_TxCpltCallback
                        0x080014f3    0x2  Code  Wk  stm32f1xx_hal_uart.o [1]
HAL_WWDG_Init           0x08001907   0x42  Code  Gb  stm32f1xx_hal_wwdg.o [1]
HAL_WWDG_MspInit        0x080009f3   0x22  Code  Gb  stm32f1xx_hal_msp.o [1]
I2C1_ER_IRQHandler      0x08001aa7    0x6  Code  Gb  stm32f1xx_it.o [1]
I2C1_EV_IRQHandler      0x08001aa1    0x6  Code  Gb  stm32f1xx_it.o [1]
I2C_MasterReceive_BTF   0x08000f61   0x5e  Code  Lc  stm32f1xx_hal_i2c.o [1]
MX_GPIO_Init            0x080017b3   0x96  Code  Lc  main.o [1]
NMI_Handler             0x08001a89    0x4  Code  Gb  stm32f1xx_it.o [1]
NVIC_SetPriority        0x080007a9   0x1a  Code  Lc  stm32f1xx_hal_cortex.o [1]
Region$$Table$$Base     0x08001b14          --   Gb  - Linker created -
Region$$Table$$Limit    0x08001b38          --   Gb  - Linker created -
SysTick_Handler         0x08001a8d    0xe  Code  Gb  stm32f1xx_it.o [1]
SystemClock_Config      0x08001743   0x70  Code  Gb  main.o [1]
SystemCoreClock         0x20000000    0x4  Data  Gb  system_stm32f1xx.o [1]
SystemInit              0x080019fd   0x3a  Code  Gb  system_stm32f1xx.o [1]
UART_Receive_IT         0x08001517   0xa0  Code  Lc  stm32f1xx_hal_uart.o [1]
UART_SetConfig          0x080015b7   0x9e  Code  Lc  stm32f1xx_hal_uart.o [1]
USART1_IRQHandler       0x08001aad    0x6  Code  Gb  stm32f1xx_it.o [1]
__cmain                 0x08001b39         Code  Gb  cmain.o [4]
__exit                  0x08001b69   0x14  Code  Gb  exit.o [5]
__iar_copy_init3        0x08001ac1   0x2c  Code  Gb  copy_init3.o [4]
__iar_data_init3        0x08001aed   0x28  Code  Gb  data_init.o [4]
__iar_program_start     0x08001b8d         Code  Gb  cstartup_M.o [4]
__iar_unaligned___aeabi_memcpy4
                        0x08000751         Code  Gb  ABImemcpy_unaligned.o [4]
__iar_unaligned___aeabi_memcpy8
                        0x08000751         Code  Gb  ABImemcpy_unaligned.o [4]
__iar_zero_init3        0x08001a49   0x40  Code  Gb  zero_init3.o [4]
__low_level_init        0x08001b53    0x4  Code  Gb  low_level_init.o [3]
__vector_table          0x08000000         Data  Gb  startup_stm32f101xe.o [1]
_call_main              0x08001b45         Code  Gb  cmain.o [4]
_exit                   0x08001b5d         Code  Gb  cexit.o [4]
_main                   0x08001b4f         Code  Gb  cmain.o [4]
aAPBAHBPrescTable       0x080006cc   0x10  Data  Gb  stm32f1xx_hal_rcc.o [1]
exit                    0x08001b57    0x4  Code  Gb  exit.o [3]
hadc1                   0x20000040   0x30  Data  Gb  main.o [1]
hcrc                    0x200000d4    0x8  Data  Gb  main.o [1]
hi2c1                   0x20000004   0x3c  Data  Gb  main.o [1]
hiwdg                   0x200000c4   0x10  Data  Gb  main.o [1]
huart1                  0x20000070   0x40  Data  Gb  main.o [1]
hwwdg                   0x200000b0   0x14  Data  Gb  main.o [1]
main                    0x08001661   0xe2  Code  Gb  main.o [1]
uwTick                  0x200000dc    0x4  Data  Lc  stm32f1xx_hal.o [1]


[1] = C:\Documents and Settings\Vassily\Рабочий стол\STM32TEST\trunk\EWARM\MSU5001 Configuration\Obj
[2] = command line
[3] = dl7M_tlf.a
[4] = rt7M_tl.a
[5] = shb_l.a

  7 220 bytes of readonly  code memory
     40 bytes of readonly  data memory
  1 248 bytes of readwrite data memory

Errors: none
Warnings: none
