###############################################################################
#
# IAR ELF Linker V7.40.3.8902/W32 for ARM                 16/Sep/2015  19:22:07
# Copyright 2007-2015 IAR Systems AB.
#
#    Output file  =  
#        d:\WORK FOLDER\Projects\VMZ\MSU-500\PRG_WRK_Copy\trunk\EWARM\MSU5001
#        Configuration\Exe\MSU5001 Configuration.out
#    Map file     =  
#        d:\WORK FOLDER\Projects\VMZ\MSU-500\PRG_WRK_Copy\trunk\EWARM\MSU5001
#        Configuration/List\MSU5001 Configuration.map
#    Command line =  
#        "d:\WORK FOLDER\Projects\VMZ\MSU-500\PRG_WRK_Copy\trunk\EWARM\MSU5001
#        Configuration\Obj\GUIConf.o" "d:\WORK
#        FOLDER\Projects\VMZ\MSU-500\PRG_WRK_Copy\trunk\EWARM\MSU5001
#        Configuration\Obj\GUIDRV_Template.o" "d:\WORK
#        FOLDER\Projects\VMZ\MSU-500\PRG_WRK_Copy\trunk\EWARM\MSU5001
#        Configuration\Obj\LCDConf_FlexColor_Template.o" "d:\WORK
#        FOLDER\Projects\VMZ\MSU-500\PRG_WRK_Copy\trunk\EWARM\MSU5001
#        Configuration\Obj\main.o" "d:\WORK
#        FOLDER\Projects\VMZ\MSU-500\PRG_WRK_Copy\trunk\EWARM\MSU5001
#        Configuration\Obj\startup_stm32f101xe.o" "d:\WORK
#        FOLDER\Projects\VMZ\MSU-500\PRG_WRK_Copy\trunk\EWARM\MSU5001
#        Configuration\Obj\stm32f1xx_hal.o" "d:\WORK
#        FOLDER\Projects\VMZ\MSU-500\PRG_WRK_Copy\trunk\EWARM\MSU5001
#        Configuration\Obj\stm32f1xx_hal_adc.o" "d:\WORK
#        FOLDER\Projects\VMZ\MSU-500\PRG_WRK_Copy\trunk\EWARM\MSU5001
#        Configuration\Obj\stm32f1xx_hal_adc_ex.o" "d:\WORK
#        FOLDER\Projects\VMZ\MSU-500\PRG_WRK_Copy\trunk\EWARM\MSU5001
#        Configuration\Obj\stm32f1xx_hal_cortex.o" "d:\WORK
#        FOLDER\Projects\VMZ\MSU-500\PRG_WRK_Copy\trunk\EWARM\MSU5001
#        Configuration\Obj\stm32f1xx_hal_crc.o" "d:\WORK
#        FOLDER\Projects\VMZ\MSU-500\PRG_WRK_Copy\trunk\EWARM\MSU5001
#        Configuration\Obj\stm32f1xx_hal_dma.o" "d:\WORK
#        FOLDER\Projects\VMZ\MSU-500\PRG_WRK_Copy\trunk\EWARM\MSU5001
#        Configuration\Obj\stm32f1xx_hal_flash.o" "d:\WORK
#        FOLDER\Projects\VMZ\MSU-500\PRG_WRK_Copy\trunk\EWARM\MSU5001
#        Configuration\Obj\stm32f1xx_hal_flash_ex.o" "d:\WORK
#        FOLDER\Projects\VMZ\MSU-500\PRG_WRK_Copy\trunk\EWARM\MSU5001
#        Configuration\Obj\stm32f1xx_hal_gpio.o" "d:\WORK
#        FOLDER\Projects\VMZ\MSU-500\PRG_WRK_Copy\trunk\EWARM\MSU5001
#        Configuration\Obj\stm32f1xx_hal_gpio_ex.o" "d:\WORK
#        FOLDER\Projects\VMZ\MSU-500\PRG_WRK_Copy\trunk\EWARM\MSU5001
#        Configuration\Obj\stm32f1xx_hal_i2c.o" "d:\WORK
#        FOLDER\Projects\VMZ\MSU-500\PRG_WRK_Copy\trunk\EWARM\MSU5001
#        Configuration\Obj\stm32f1xx_hal_iwdg.o" "d:\WORK
#        FOLDER\Projects\VMZ\MSU-500\PRG_WRK_Copy\trunk\EWARM\MSU5001
#        Configuration\Obj\stm32f1xx_hal_msp.o" "d:\WORK
#        FOLDER\Projects\VMZ\MSU-500\PRG_WRK_Copy\trunk\EWARM\MSU5001
#        Configuration\Obj\stm32f1xx_hal_pwr.o" "d:\WORK
#        FOLDER\Projects\VMZ\MSU-500\PRG_WRK_Copy\trunk\EWARM\MSU5001
#        Configuration\Obj\stm32f1xx_hal_rcc.o" "d:\WORK
#        FOLDER\Projects\VMZ\MSU-500\PRG_WRK_Copy\trunk\EWARM\MSU5001
#        Configuration\Obj\stm32f1xx_hal_rcc_ex.o" "d:\WORK
#        FOLDER\Projects\VMZ\MSU-500\PRG_WRK_Copy\trunk\EWARM\MSU5001
#        Configuration\Obj\stm32f1xx_hal_uart.o" "d:\WORK
#        FOLDER\Projects\VMZ\MSU-500\PRG_WRK_Copy\trunk\EWARM\MSU5001
#        Configuration\Obj\stm32f1xx_hal_wwdg.o" "d:\WORK
#        FOLDER\Projects\VMZ\MSU-500\PRG_WRK_Copy\trunk\EWARM\MSU5001
#        Configuration\Obj\stm32f1xx_it.o" "d:\WORK
#        FOLDER\Projects\VMZ\MSU-500\PRG_WRK_Copy\trunk\EWARM\MSU5001
#        Configuration\Obj\system_stm32f1xx.o" --redirect _Printf=_PrintfFull
#        --redirect _Scanf=_ScanfFull -o "d:\WORK
#        FOLDER\Projects\VMZ\MSU-500\PRG_WRK_Copy\trunk\EWARM\MSU5001
#        Configuration\Exe\MSU5001 Configuration.out" --map "d:\WORK
#        FOLDER\Projects\VMZ\MSU-500\PRG_WRK_Copy\trunk\EWARM\MSU5001
#        Configuration/List\MSU5001 Configuration.map" --config "d:\WORK
#        FOLDER\Projects\VMZ\MSU-500\PRG_WRK_Copy\trunk\EWARM\stm32f101xe_flash.icf"
#        --semihosting "D:\WORK
#        FOLDER\Projects\VMZ\MSU-500\PRG_WRK_Copy\trunk\GUI\Lib\STemWin528_CM3_IAR.a"
#        --entry __iar_program_start --vfe
#
###############################################################################

*******************************************************************************
*** RUNTIME MODEL ATTRIBUTES
***

CppFlavor       = *
__SystemLibrary = DLib


*******************************************************************************
*** PLACEMENT SUMMARY
***

"A1":  place at 0x08000000 { ro section .intvec };
"P1":  place in [from 0x08000000 to 0x0807ffff] { ro };
"P2":  place in [from 0x20000000 to 0x2000bfff] { rw, block CSTACK, block HEAP };

  Section            Kind        Address    Size  Object
  -------            ----        -------    ----  ------
"A1":                                      0x130
  .intvec            ro code  0x08000000   0x130  startup_stm32f101xe.o [2]
                            - 0x08000130   0x130

"P1":                                     0x8128
  .text              ro code  0x08000130   0xcea  stm32f1xx_hal_rcc.o [2]
  .rodata            const    0x08000e1a     0x2  stm32f1xx_hal_rcc.o [2]
  .text              ro code  0x08000e1c    0x7c  stm32f1xx_hal.o [2]
  .text              ro code  0x08000e98    0x76  ABImemcpy_unaligned.o [5]
  .text              ro code  0x08000f10   0x14e  stm32f1xx_hal_cortex.o [2]
  .text              ro code  0x08001060   0x1d4  stm32f1xx_hal_msp.o [2]
  .text              ro code  0x08001234   0x220  stm32f1xx_hal_gpio.o [2]
  .text              ro code  0x08001454   0xb14  WM.o [3]
  .text              ro code  0x08001f68    0x30  LCD_SetClipRectEx.o [3]
  .text              ro code  0x08001f98   0x620  GUI_Alloc.o [3]
  .text              ro code  0x080025b8    0x40  GUI__IntersectRect.o [3]
  .text              ro code  0x080025f8    0x58  GUI_MergeRect.o [3]
  .text              ro code  0x08002650    0x10  GUI_WaitEvent.o [3]
  .text              ro code  0x08002660    0x1c  GUI_MoveRect.o [3]
  .text              ro code  0x0800267c    0x68  GUIDEV.o [3]
  .text              ro code  0x080026e4     0xe  WM_GetFirstChild.o [3]
  .text              ro code  0x080026f2    0x62  GUI__IntersectRects.o [3]
  .text              ro code  0x08002754    0x38  GUI_RectsIntersect.o [3]
  .text              ro code  0x0800278c    0x40  WM__SendMessage.o [3]
  .text              ro code  0x080027cc    0x24  GUI_ALLOC_AllocZero.o [3]
  .text              ro code  0x080027f0    0x84  WM_BringToBottom.o [3]
  .text              ro code  0x08002874    0x24  GUI_SelectLayer.o [3]
  .text              ro code  0x08002898   0x5b0  LCD.o [3]
  .text              ro code  0x08002e48    0x10  GUI_OnKey.o [3]
  .text              ro code  0x08002e58     0x4  GUI_SetColor.o [3]
  .text              ro code  0x08002e5c   0x1a4  GUI_Core.o [3]
  .text              ro code  0x08003000    0x22  WM_GetClientRect.o [3]
  .text              ro code  0x08003022    0x1c  WM_SendToParent.o [3]
  .text              ro code  0x08003040   0x134  GUI_Device.o [3]
  .text              ro code  0x08003174    0x10  WM_CriticalHandle.o [3]
  .text              ro code  0x08003184    0x78  ABImemmove_unaligned.o [5]
  .text              ro code  0x080031fc     0x6  ABImemclr.o [5]
  .text              ro code  0x08003202    0x54  GUI__memset.o [3]
  .text              ro code  0x08003258   0x120  LCD_GetEx.o [3]
  .text              ro code  0x08003378    0x12  GUI_SelectLCD.o [3]
  .text              ro code  0x0800338c    0x4e  GUIDEV_Usage.o [3]
  .text              ro code  0x080033da    0x22  WM__GetPrevSibling.o [3]
  .text              ro code  0x080033fc     0xe  WM_GetParent.o [3]
  .text              ro code  0x0800340c    0xb8  LCD_Color.o [3]
  .text              ro code  0x080034c4    0x2c  GUI_Goto.o [3]
  .text              ro code  0x080034f0    0x1e  GUIConf.o [2]
  .text              ro code  0x08003510   0x24e  LCDConf_FlexColor_Template.o [2]
  .text              ro code  0x08003760    0x18  WM_GetDesktopWindow.o [3]
  .text              ro code  0x08003778    0x30  GUI_SetOrg.o [3]
  .text              ro code  0x080037a8    0x5e  ABImemset.o [5]
  .text              ro code  0x08003808    0x44  LCD_SelectLCD.o [3]
  .text              ro code  0x0800384c    0x24  LCD_UpdateColorIndices.o [3]
  .text              ro code  0x08003870    0x10  WM__GetFirstSibling.o [3]
  .text              ro code  0x08003880    0x1a  LCD_GetNumDisplays.o [3]
  .text              ro code  0x0800389c    0x90  LCD_Set.o [3]
  .text              ro code  0x0800392c     0x6  ABImemclr4.o [5]
  .text              ro code  0x08003934   0x5f4  GUIDRV_FlexColor.o [3]
  .text              ro code  0x08003f28    0x32  ABImemset48.o [5]
  .text              ro code  0x08003f5c   0x94c  GUIDEV_16.o [3]
  .text              ro code  0x080048a8    0x40  GUI__memset16.o [3]
  .rodata            const    0x080048e8   0x718  F6x8.o [3]
  .text              ro code  0x08005000   0x65c  stm32f1xx_hal_i2c.o [2]
  .text              ro code  0x0800565c   0x65c  GUIDRV_FlexColor_16bpp_C0B8.o [3]
  .text              ro code  0x08005cb8   0x600  GUIDEV_WriteToActiveOpaque.o [3]
  .text              ro code  0x080062b8   0x108  GUI__CompactPixelIndices.o [3]
  .text              ro code  0x080063c0    0x1c  GUIDEV_GetDataPtr.o [3]
  .text              ro code  0x080063dc   0x43c  stm32f1xx_hal_adc.o [2]
  .text              ro code  0x08006818     0x2  stm32f1xx_hal_adc_ex.o [2]
  .text              ro code  0x0800681c   0x41c  stm32f1xx_hal_uart.o [2]
  .text              ro code  0x08006c38   0x3cc  GUIDRV_FlexColor_Func66720.o [3]
  .text              ro code  0x08007004   0x2ec  main.o [2]
  .text              ro code  0x080072f0    0xfc  GUI_DispString.o [3]
  .text              ro code  0x080073ec   0x128  stm32f1xx_hal_rcc_ex.o [2]
  .text              ro code  0x08007514    0x24  stm32f1xx_hal_crc.o [2]
  .text              ro code  0x08007538    0x64  stm32f1xx_hal_iwdg.o [2]
  .text              ro code  0x0800759c    0x4c  stm32f1xx_hal_wwdg.o [2]
  .text              ro code  0x080075e8    0x54  GUI_Char.o [3]
  .text              ro code  0x0800763c   0x1b8  GUI_CharLine.o [3]
  .text              ro code  0x080077f4    0x4c  GUI_UC.o [3]
  .text              ro code  0x08007840    0xb4  GUI__ManageCache.o [3]
  .text              ro code  0x080078f4   0x176  GUI_CharM.o [3]
  .rodata            const    0x08007a6c   0x100  GUI__DivTbl_255_63.o [3]
  .rodata            const    0x08007b6c   0x100  LCD_Mirror.o [3]
  .text              ro code  0x08007c6c    0xb8  GUICC_0.o [3]
  .text              ro code  0x08007d24    0x3e  GUI_CalcColorDist.o [3]
  .text              ro code  0x08007d64    0xa0  GUICC_666.o [3]
  .text              ro code  0x08007e04    0x68  system_stm32f1xx.o [2]
  .text              ro code  0x08007e6c    0x48  stm32f1xx_it.o [2]
  .rodata            const    0x08007eb4    0x40  GUI__DivTbl_63_255.o [3]
  .text              ro code  0x08007ef4    0x40  zero_init3.o [5]
  .rodata            const    0x08007f34    0x34  GUIDRV_FlexColor.o [3]
  .text              ro code  0x08007f68    0x2c  copy_init3.o [5]
  .text              ro code  0x08007f94    0x28  data_init.o [5]
  .text              ro code  0x08007fbc    0x24  GUI_UC_EncodeNone.o [3]
  .iar.init_table    const    0x08007fe0    0x24  - Linker created -
  .text              ro code  0x08008004    0x1a  cmain.o [5]
  .text              ro code  0x0800801e     0x4  low_level_init.o [4]
  .text              ro code  0x08008022     0x4  exit.o [4]
  .text              ro code  0x08008028     0xa  cexit.o [5]
  .text              ro code  0x08008034    0x14  exit.o [6]
  .rodata            const    0x08008048    0x18  GUICC_666.o [3]
  .rodata            const    0x08008060    0x18  GUICC_0.o [3]
  .rodata            const    0x08008078    0x10  main.o [2]
  .rodata            const    0x08008088    0x10  stm32f1xx_hal_rcc.o [2]
  .rodata            const    0x08008098    0x10  stm32f1xx_hal_rcc.o [2]
  .text              ro code  0x080080a8    0x10  startup_stm32f101xe.o [2]
  .rodata            const    0x080080b8     0xc  LCD.o [3]
  .text              ro code  0x080080c4     0xc  cstartup_M.o [5]
  .text              ro code  0x080080d0     0x4  startup_stm32f101xe.o [2]
  .text              ro code  0x080080d4     0x4  startup_stm32f101xe.o [2]
  .text              ro code  0x080080d8     0x4  startup_stm32f101xe.o [2]
  .text              ro code  0x080080dc     0x4  startup_stm32f101xe.o [2]
  .text              ro code  0x080080e0     0x4  startup_stm32f101xe.o [2]
  .text              ro code  0x080080e4     0x4  startup_stm32f101xe.o [2]
  .text              ro code  0x080080e8     0x4  startup_stm32f101xe.o [2]
  .text              ro code  0x080080ec     0x4  startup_stm32f101xe.o [2]
  .text              ro code  0x080080f0     0x4  startup_stm32f101xe.o [2]
  .text              ro code  0x080080f4     0x4  startup_stm32f101xe.o [2]
  .text              ro code  0x080080f8     0x4  startup_stm32f101xe.o [2]
  .text              ro code  0x080080fc     0x4  startup_stm32f101xe.o [2]
  .text              ro code  0x08008100     0x4  startup_stm32f101xe.o [2]
  .text              ro code  0x08008104     0x4  startup_stm32f101xe.o [2]
  .text              ro code  0x08008108     0x4  startup_stm32f101xe.o [2]
  .text              ro code  0x0800810c     0x4  startup_stm32f101xe.o [2]
  .text              ro code  0x08008110     0x4  startup_stm32f101xe.o [2]
  .text              ro code  0x08008114     0x4  startup_stm32f101xe.o [2]
  .text              ro code  0x08008118     0x4  startup_stm32f101xe.o [2]
  .text              ro code  0x0800811c     0x4  startup_stm32f101xe.o [2]
  .text              ro code  0x08008120     0x4  startup_stm32f101xe.o [2]
  .text              ro code  0x08008124     0x4  startup_stm32f101xe.o [2]
  .text              ro code  0x08008128     0x4  startup_stm32f101xe.o [2]
  .text              ro code  0x0800812c     0x4  startup_stm32f101xe.o [2]
  .text              ro code  0x08008130     0x4  startup_stm32f101xe.o [2]
  .text              ro code  0x08008134     0x4  startup_stm32f101xe.o [2]
  .text              ro code  0x08008138     0x4  startup_stm32f101xe.o [2]
  .text              ro code  0x0800813c     0x4  startup_stm32f101xe.o [2]
  .text              ro code  0x08008140     0x4  startup_stm32f101xe.o [2]
  .text              ro code  0x08008144     0x4  startup_stm32f101xe.o [2]
  .text              ro code  0x08008148     0x4  startup_stm32f101xe.o [2]
  .text              ro code  0x0800814c     0x4  startup_stm32f101xe.o [2]
  .text              ro code  0x08008150     0x4  startup_stm32f101xe.o [2]
  .text              ro code  0x08008154     0x4  startup_stm32f101xe.o [2]
  .text              ro code  0x08008158     0x4  startup_stm32f101xe.o [2]
  .text              ro code  0x0800815c     0x4  startup_stm32f101xe.o [2]
  .text              ro code  0x08008160     0x4  startup_stm32f101xe.o [2]
  .text              ro code  0x08008164     0x4  startup_stm32f101xe.o [2]
  .text              ro code  0x08008168     0x4  startup_stm32f101xe.o [2]
  .text              ro code  0x0800816c     0x4  startup_stm32f101xe.o [2]
  .text              ro code  0x08008170     0x4  startup_stm32f101xe.o [2]
  .text              ro code  0x08008174     0x4  startup_stm32f101xe.o [2]
  .text              ro code  0x08008178     0x4  startup_stm32f101xe.o [2]
  .text              ro code  0x0800817c     0x4  startup_stm32f101xe.o [2]
  .text              ro code  0x08008180     0x4  startup_stm32f101xe.o [2]
  .text              ro code  0x08008184     0x4  startup_stm32f101xe.o [2]
  .text              ro code  0x08008188     0x4  startup_stm32f101xe.o [2]
  .text              ro code  0x0800818c     0x4  startup_stm32f101xe.o [2]
  .rodata            const    0x08008190     0x0  zero_init3.o [5]
  .rodata            const    0x08008190     0x0  copy_init3.o [5]
  Initializer bytes  const    0x08008190    0xc8  <for P2 s0>
                            - 0x08008258  0x8128

"P2":                                     0x2fd0
  P2 s0                       0x20000000    0xc8  <Init block>
    .data            inited   0x20000000    0x80  GUI_Core.o [3]
    .data            inited   0x20000080    0x14  WM_Touch.o [3]
    .data            inited   0x20000094    0x10  LCD_Color.o [3]
    .data            inited   0x200000a4    0x10  GUI_OnKey.o [3]
    .data            inited   0x200000b4     0x8  GUIDRV_FlexColor_Func66720.o [3]
    .data            inited   0x200000bc     0x4  system_stm32f1xx.o [2]
    .data            inited   0x200000c0     0x4  LCD.o [3]
    .data            inited   0x200000c4     0x4  GUI_CharLine.o [3]
  .bss               zero     0x200000c8  0x2800  GUIConf.o [2]
  .bss               zero     0x200028c8    0xc0  GUI_Alloc.o [3]
  .bss               zero     0x20002988    0x78  WM.o [3]
  .bss               zero     0x20002a00    0x58  GUI_OnKey.o [3]
  .bss               zero     0x20002a58    0x40  main.o [2]
  .bss               zero     0x20002a98    0x40  WM_Touch.o [3]
  .bss               zero     0x20002ad8    0x3c  main.o [2]
  .bss               zero     0x20002b14    0x30  main.o [2]
  .bss               zero     0x20002b44    0x14  main.o [2]
  .bss               zero     0x20002b58    0x14  GUI_Alloc.o [3]
  .bss               zero     0x20002b6c    0x14  GUI__ManageCache.o [3]
  .bss               zero     0x20002b80    0x10  main.o [2]
  .bss               zero     0x20002b90     0xc  GUI_Core.o [3]
  .bss               zero     0x20002b9c     0x8  main.o [2]
  .bss               zero     0x20002ba4     0x8  GUI_Core.o [3]
  .bss               zero     0x20002bac     0x4  stm32f1xx_hal.o [2]
  .bss               zero     0x20002bb0     0x4  GUI_Core.o [3]
  .bss               zero     0x20002bb4     0x4  GUI_Core.o [3]
  .bss               zero     0x20002bb8     0x4  GUI_Core.o [3]
  .bss               zero     0x20002bbc     0x4  GUIDRV_FlexColor.o [3]
  .bss               zero     0x20002bc0     0x4  WM.o [3]
  .bss               zero     0x20002bc4     0x4  GUI_WaitEvent.o [3]
  .bss               zero     0x20002bc8     0x4  WM__SendMessage.o [3]
  .bss               zero     0x20002bcc     0x2  GUI_Core.o [3]
  .bss               zero     0x20002bce     0x2  GUI_Core.o [3]
  CSTACK                      0x20002bd0   0x400  <Block>
    CSTACK           uninit   0x20002bd0   0x400  <Block tail>
                            - 0x20002fd0  0x2fd0


*******************************************************************************
*** INIT TABLE
***

          Address     Size
          -------     ----
Zero (__iar_zero_init3)
    1 destination range, total size 0x2b08:
          0x200000c8  0x2b08

Copy (__iar_copy_init3)
    1 source range, total size 0xc8:
          0x08008190    0xc8
    1 destination range, total size 0xc8:
          0x20000000    0xc8



*******************************************************************************
*** MODULE SUMMARY
***

    Module                         ro code  ro data  rw data
    ------                         -------  -------  -------
command line: [1]
    --------------------------------------------------------
    Total:

d:\WORK FOLDER\Projects\VMZ\MSU-500\PRG_WRK_Copy\trunk\EWARM\MSU5001 Configuration\Obj: [2]
    GUIConf.o                           30            10 240
    LCDConf_FlexColor_Template.o       590
    main.o                             748       16      216
    startup_stm32f101xe.o              512
    stm32f1xx_hal.o                    124                 4
    stm32f1xx_hal_adc.o              1 084
    stm32f1xx_hal_adc_ex.o               2
    stm32f1xx_hal_cortex.o             334
    stm32f1xx_hal_crc.o                 36
    stm32f1xx_hal_gpio.o               544
    stm32f1xx_hal_i2c.o              1 628
    stm32f1xx_hal_iwdg.o               100
    stm32f1xx_hal_msp.o                468
    stm32f1xx_hal_rcc.o              3 306       34
    stm32f1xx_hal_rcc_ex.o             296
    stm32f1xx_hal_uart.o             1 052
    stm32f1xx_hal_wwdg.o                76
    stm32f1xx_it.o                      72
    system_stm32f1xx.o                 104        4        4
    --------------------------------------------------------
    Total:                          11 106       54   10 464

STemWin528_CM3_IAR.a: [3]
    F6x8.o                                    1 816
    GUICC_0.o                          184       24
    GUICC_666.o                        160       24
    GUIDEV.o                           104
    GUIDEV_16.o                      2 380
    GUIDEV_GetDataPtr.o                 28
    GUIDEV_Usage.o                      78
    GUIDEV_WriteToActiveOpaque.o     1 536
    GUIDRV_FlexColor.o               1 524       52        4
    GUIDRV_FlexColor_16bpp_C0B8.o    1 628
    GUIDRV_FlexColor_Func66720.o       972        8        8
    GUI_ALLOC_AllocZero.o               36
    GUI_Alloc.o                      1 568               212
    GUI_CalcColorDist.o                 62
    GUI_Char.o                          84
    GUI_CharLine.o                     440        4        4
    GUI_CharM.o                        374
    GUI_Core.o                         420      128      164
    GUI_Device.o                       308
    GUI_DispString.o                   252
    GUI_Goto.o                          44
    GUI_MergeRect.o                     88
    GUI_MoveRect.o                      28
    GUI_OnKey.o                         16       16      104
    GUI_RectsIntersect.o                56
    GUI_SelectLCD.o                     18
    GUI_SelectLayer.o                   36
    GUI_SetColor.o                       4
    GUI_SetOrg.o                        48
    GUI_UC.o                            76
    GUI_UC_EncodeNone.o                 36
    GUI_WaitEvent.o                     16                 4
    GUI__CompactPixelIndices.o         264
    GUI__DivTbl_255_63.o                        256
    GUI__DivTbl_63_255.o                         64
    GUI__IntersectRect.o                64
    GUI__IntersectRects.o               98
    GUI__ManageCache.o                 180                20
    GUI__memset.o                       84
    GUI__memset16.o                     64
    LCD.o                            1 456       16        4
    LCD_Color.o                        184       16       16
    LCD_GetEx.o                        288
    LCD_GetNumDisplays.o                26
    LCD_Mirror.o                                256
    LCD_SelectLCD.o                     68
    LCD_Set.o                          144
    LCD_SetClipRectEx.o                 48
    LCD_UpdateColorIndices.o            36
    WM.o                             2 836               124
    WM_BringToBottom.o                 132
    WM_CriticalHandle.o                 16
    WM_GetClientRect.o                  34
    WM_GetDesktopWindow.o               24
    WM_GetFirstChild.o                  14
    WM_GetParent.o                      14
    WM_SendToParent.o                   28
    WM_Touch.o                                   20       84
    WM__GetFirstSibling.o               16
    WM__GetPrevSibling.o                34
    WM__SendMessage.o                   64                 4
    --------------------------------------------------------
    Total:                          18 820    2 700      752

dl7M_tlf.a: [4]
    exit.o                               4
    low_level_init.o                     4
    --------------------------------------------------------
    Total:                               8

rt7M_tl.a: [5]
    ABImemclr.o                          6
    ABImemclr4.o                         6
    ABImemcpy_unaligned.o              118
    ABImemmove_unaligned.o             120
    ABImemset.o                         94
    ABImemset48.o                       50
    cexit.o                             10
    cmain.o                             26
    copy_init3.o                        44
    cstartup_M.o                        12
    data_init.o                         40
    zero_init3.o                        64
    --------------------------------------------------------
    Total:                             590

shb_l.a: [6]
    exit.o                              20
    --------------------------------------------------------
    Total:                              20

    Gaps                                32        2
    Linker created                               36    1 024
------------------------------------------------------------
    Grand Total:                    30 576    2 792   12 240


*******************************************************************************
*** ENTRY LIST
***

Entry                      Address   Size  Type      Object
-----                      -------   ----  ----      ------
.iar.init_table$$Base   0x08007fe0          --   Gb  - Linker created -
.iar.init_table$$Limit  0x08008004          --   Gb  - Linker created -
?main                   0x08008005         Code  Gb  cmain.o [5]
ADC1_IRQHandler         0x08007e81    0xa  Code  Gb  stm32f1xx_it.o [2]
ADC_ConversionStop_Disable
                        0x080067cd   0x4a  Code  Gb  stm32f1xx_hal_adc.o [2]
CSTACK$$Base            0x20002bd0          --   Gb  - Linker created -
CSTACK$$Limit           0x20002fd0          --   Gb  - Linker created -
GUIDRV_FlexColor_API    0x08007f34   0x34  Data  Gb  GUIDRV_FlexColor.o [3]
GUIDRV_FlexColor_Config
                        0x08003e71   0x3e  Code  Gb  GUIDRV_FlexColor.o [3]
GUIDRV_FlexColor_SetFunc
                        0x08003eaf   0x32  Code  Gb  GUIDRV_FlexColor.o [3]
GUIDRV_FlexColor_SetFunc66720
                        0x08006f8b   0x44  Code  Gb  GUIDRV_FlexColor_Func66720.o [3]
GUIDRV_FlexColor_SetMode16bppC0B8
                        0x08005c5b   0x3e  Code  Gb  GUIDRV_FlexColor_16bpp_C0B8.o [3]
GUIDRV_FlexColor__GetPixelIndexNoCache
                        0x08003d41   0xb6  Code  Gb  GUIDRV_FlexColor.o [3]
GUIDRV_FlexColor__InitOnce
                        0x08003e01   0x36  Code  Gb  GUIDRV_FlexColor.o [3]
GUIDRV_FlexColor__SetLog2Phys
                        0x08003e39   0x38  Code  Gb  GUIDRV_FlexColor.o [3]
GUIDRV_FlexColor__SetPixelIndexNoCache
                        0x08003cad   0x8c  Code  Gb  GUIDRV_FlexColor.o [3]
GUIMONO_DispChar        0x080078f5  0x108  Code  Gb  GUI_CharM.o [3]
GUIMONO_GetCharDistX    0x08007a17   0x12  Code  Gb  GUI_CharM.o [3]
GUIMONO_GetFontInfo     0x08007a2d    0x6  Code  Gb  GUI_CharM.o [3]
GUIMONO_IsInFont        0x08007a33   0x38  Code  Gb  GUI_CharM.o [3]
GUI_ALLOC_AllocNoInit   0x08002519    0xa  Code  Gb  GUI_Alloc.o [3]
GUI_ALLOC_AllocZero     0x080027cd   0x24  Code  Gb  GUI_ALLOC_AllocZero.o [3]
GUI_ALLOC_AssignMemory  0x08002573    0xc  Code  Gb  GUI_Alloc.o [3]
GUI_ALLOC_Free          0x0800257f   0x2c  Code  Gb  GUI_Alloc.o [3]
GUI_ALLOC_FreeFixedBlock
                        0x08002463   0x10  Code  Gb  GUI_Alloc.o [3]
GUI_ALLOC_GetFixedBlock
                        0x08002473   0xa6  Code  Gb  GUI_Alloc.o [3]
GUI_ALLOC_LockH         0x08002533   0x16  Code  Gb  GUI_Alloc.o [3]
GUI_ALLOC_UnlockH       0x08002549   0x2a  Code  Gb  GUI_Alloc.o [3]
GUI_ALLOC__Context      0x200028c8   0xc0  Data  Gb  GUI_Alloc.o [3]
GUI_ALLOC_h2p           0x08002523   0x10  Code  Gb  GUI_Alloc.o [3]
GUI_CalcColorDist       0x08007d25   0x3e  Code  Gb  GUI_CalcColorDist.o [3]
GUI_CharLine_pfLog2Vis  0x200000c4    0x4  Data  Gb  GUI_CharLine.o [3]
GUI_Clear               0x08002ee1   0x1a  Code  Gb  GUI_Core.o [3]
GUI_ClearRect           0x08002e87   0x5a  Code  Gb  GUI_Core.o [3]
GUI_DEVICE_Create       0x0800308f   0x46  Code  Gb  GUI_Device.o [3]
GUI_DEVICE_CreateAndLink
                        0x08003147   0x24  Code  Gb  GUI_Device.o [3]
GUI_DEVICE_Delete       0x0800308b    0x4  Code  Gb  GUI_Device.o [3]
GUI_DEVICE_Link         0x080030d7   0x70  Code  Gb  GUI_Device.o [3]
GUI_DEVICE_Unlink       0x080030d5    0x2  Code  Gb  GUI_Device.o [3]
GUI_DEVICE__GetpDriver  0x0800306b   0x20  Code  Gb  GUI_Device.o [3]
GUI_DecChar             0x20002ba4    0x1  Data  Gb  GUI_Core.o [3]
GUI_DispString          0x080072f1   0xea  Code  Gb  GUI_DispString.o [3]
GUI_F6x8_Mono           0x08004fc8   0x14  Data  Lc  F6x8.o [3]
GUI_F6x8_TI8859_1       0x08004fc0    0x8  Data  Lc  F6x8.o [3]
GUI_F6x8_TL8859_1       0x08004e00  0x1c0  Data  Lc  F6x8.o [3]
GUI_Font6x8             0x08004fdc   0x24  Data  Gb  F6x8.o [3]
GUI_GetBitsPerPixelEx   0x08003287    0xe  Code  Gb  LCD_GetEx.o [3]
GUI_GetCharDistX        0x0800761f    0xc  Code  Gb  GUI_Char.o [3]
GUI_GetCharDistXEx      0x0800762b    0xa  Code  Gb  GUI_Char.o [3]
GUI_GetFontDistY        0x08007615    0xa  Code  Gb  GUI_Char.o [3]
GUI_GetYAdjust          0x080075e9   0x2c  Code  Gb  GUI_Char.o [3]
GUI_GetpfColor2IndexEx  0x080032bf    0xc  Code  Gb  LCD_GetEx.o [3]
GUI_GetpfIndex2ColorEx  0x080032b3    0xc  Code  Gb  LCD_GetEx.o [3]
GUI_GotoXY              0x080034dd   0x14  Code  Gb  GUI_Goto.o [3]
GUI_Init                0x08002f1d   0xa6  Code  Gb  GUI_Core.o [3]
GUI_MEMDEV_DEVICE_16    0x08004874   0x34  Data  Gb  GUIDEV_16.o [3]
GUI_MEMDEV_Delete       0x080026a1   0x3a  Code  Gb  GUIDEV.o [3]
GUI_MEMDEV_GetBitsPerPixel
                        0x0800267d   0x24  Code  Gb  GUIDEV.o [3]
GUI_MEMDEV_GetDataPtr   0x080063c1   0x1c  Code  Gb  GUIDEV_GetDataPtr.o [3]
GUI_MEMDEV__WriteToActiveOpaque
                        0x08006273   0x3c  Code  Gb  GUIDEV_WriteToActiveOpaque.o [3]
GUI_MergeRect           0x080025f9   0x58  Code  Gb  GUI_MergeRect.o [3]
GUI_MoveRect            0x08002661   0x1c  Code  Gb  GUI_MoveRect.o [3]
GUI_OrgX                0x20002bcc    0x2  Data  Gb  GUI_Core.o [3]
GUI_OrgY                0x20002bce    0x2  Data  Gb  GUI_Core.o [3]
GUI_RectsIntersect      0x08002755   0x38  Code  Gb  GUI_RectsIntersect.o [3]
GUI_SelectLCD           0x08003379   0x12  Code  Gb  GUI_SelectLCD.o [3]
GUI_SelectLayer         0x08002875   0x1c  Code  Gb  GUI_SelectLayer.o [3]
GUI_SetBkColor          0x08002e59    0x4  Code  Gb  GUI_SetColor.o [3]
GUI_SetDefaultFont      0x08002e81    0x6  Code  Gb  GUI_Core.o [3]
GUI_SetOrg              0x08003779   0x30  Code  Gb  GUI_SetOrg.o [3]
GUI_SignalEvent         0x08002651    0xc  Code  Gb  GUI_WaitEvent.o [3]
GUI_StoreKey            0x08002e49    0xc  Code  Gb  GUI_OnKey.o [3]
GUI_UC_None             0x08007fd0   0x10  Data  Gb  GUI_UC_EncodeNone.o [3]
GUI_UC__GetCharCodeInc  0x080077f5   0x22  Code  Gb  GUI_UC.o [3]
GUI_UC__NumChars2NumBytes
                        0x08007817   0x24  Code  Gb  GUI_UC.o [3]
GUI_USAGE_AddRect       0x080033b1   0x2a  Code  Gb  GUIDEV_Usage.o [3]
GUI_USAGE_DecUseCnt     0x0800338d   0x24  Code  Gb  GUIDEV_Usage.o [3]
GUI_X_Config            0x080034f1   0x14  Code  Gb  GUIConf.o [2]
GUI_X_Init              0x0800350d    0x2  Code  Gb  GUIConf.o [2]
GUI__CompactPixelIndices
                        0x080062b9   0xf0  Code  Gb  GUI__CompactPixelIndices.o [3]
GUI__Config             0x08002efb   0x22  Code  Gb  GUI_Core.o [3]
GUI__Context            0x20000000   0x70  Data  Lc  GUI_Core.o [3]
GUI__DispLine           0x08007745   0xa0  Code  Gb  GUI_CharLine.o [3]
GUI__GetLineDistX       0x080076f1   0x4a  Code  Gb  GUI_CharLine.o [3]
GUI__GetLineNumChars    0x080076a3   0x32  Code  Gb  GUI_CharLine.o [3]
GUI__GetOverlap         0x080076d5   0x1c  Code  Gb  GUI_CharLine.o [3]
GUI__IntersectRect      0x080025b9   0x40  Code  Gb  GUI__IntersectRect.o [3]
GUI__IntersectRects     0x080026f3   0x62  Code  Gb  GUI__IntersectRects.o [3]
GUI__ManageCache        0x080078e3    0xa  Code  Gb  GUI__ManageCache.o [3]
GUI__ManageCacheEx      0x08007841   0x96  Code  Gb  GUI__ManageCache.o [3]
GUI__RegisterExit       0x08002fc3    0xa  Code  Gb  GUI_Core.o [3]
GUI__aConvert_255_63    0x08007a6c  0x100  Data  Gb  GUI__DivTbl_255_63.o [3]
GUI__aConvert_63_255    0x08007eb4   0x40  Data  Gb  GUI__DivTbl_63_255.o [3]
GUI__apDevice           0x20000078    0x8  Data  Gb  GUI_Core.o [3]
GUI__memset             0x08003203   0x54  Code  Gb  GUI__memset.o [3]
GUI__memset16           0x080048a9   0x40  Code  Gb  GUI__memset16.o [3]
GUI__pFontDefault       0x20000070    0x4  Data  Gb  GUI_Core.o [3]
GUI_acFont6x8           0x080048e8  0x518  Data  Lc  F6x8.o [3]
GUI_pContext            0x20000074    0x4  Data  Gb  GUI_Core.o [3]
GUI_pLCD_APIList        0x20002bb4    0x4  Data  Gb  GUI_Core.o [3]
GUI_pUC_API             0x20002ba8    0x4  Data  Gb  GUI_Core.o [3]
GUI_pfDispCharStyle     0x20002bb0    0x4  Data  Gb  GUI_Core.o [3]
HAL_ADCEx_InjectedConvCpltCallback
                        0x08006819    0x2  Code  Wk  stm32f1xx_hal_adc_ex.o [2]
HAL_ADC_ConfigChannel   0x08006621  0x196  Code  Gb  stm32f1xx_hal_adc.o [2]
HAL_ADC_ConvCpltCallback
                        0x0800661d    0x2  Code  Wk  stm32f1xx_hal_adc.o [2]
HAL_ADC_IRQHandler      0x08006517  0x106  Code  Gb  stm32f1xx_hal_adc.o [2]
HAL_ADC_Init            0x080063dd  0x13a  Code  Gb  stm32f1xx_hal_adc.o [2]
HAL_ADC_LevelOutOfWindowCallback
                        0x0800661f    0x2  Code  Wk  stm32f1xx_hal_adc.o [2]
HAL_ADC_MspInit         0x0800109f   0x58  Code  Gb  stm32f1xx_hal_msp.o [2]
HAL_CRC_Init            0x08007515   0x24  Code  Gb  stm32f1xx_hal_crc.o [2]
HAL_CRC_MspInit         0x080010f7   0x26  Code  Gb  stm32f1xx_hal_msp.o [2]
HAL_Delay               0x08000e75   0x1a  Code  Wk  stm32f1xx_hal.o [2]
HAL_GPIO_Init           0x08001235  0x1cc  Code  Gb  stm32f1xx_hal_gpio.o [2]
HAL_GPIO_TogglePin      0x08001401    0xa  Code  Gb  stm32f1xx_hal_gpio.o [2]
HAL_GetTick             0x08000e6f    0x6  Code  Wk  stm32f1xx_hal.o [2]
HAL_I2C_ER_IRQHandler   0x0800524d  0x11e  Code  Gb  stm32f1xx_hal_i2c.o [2]
HAL_I2C_EV_IRQHandler   0x080050b5  0x198  Code  Gb  stm32f1xx_hal_i2c.o [2]
HAL_I2C_ErrorCallback   0x08005377    0x2  Code  Wk  stm32f1xx_hal_i2c.o [2]
HAL_I2C_Init            0x08005001   0xac  Code  Gb  stm32f1xx_hal_i2c.o [2]
HAL_I2C_MasterRxCpltCallback
                        0x0800536d    0x2  Code  Wk  stm32f1xx_hal_i2c.o [2]
HAL_I2C_MasterTxCpltCallback
                        0x0800536b    0x2  Code  Wk  stm32f1xx_hal_i2c.o [2]
HAL_I2C_MemRxCpltCallback
                        0x08005375    0x2  Code  Wk  stm32f1xx_hal_i2c.o [2]
HAL_I2C_MemTxCpltCallback
                        0x08005373    0x2  Code  Wk  stm32f1xx_hal_i2c.o [2]
HAL_I2C_MspInit         0x0800111d   0x5c  Code  Gb  stm32f1xx_hal_msp.o [2]
HAL_I2C_SlaveRxCpltCallback
                        0x08005371    0x2  Code  Wk  stm32f1xx_hal_i2c.o [2]
HAL_I2C_SlaveTxCpltCallback
                        0x0800536f    0x2  Code  Wk  stm32f1xx_hal_i2c.o [2]
HAL_IWDG_Init           0x08007539   0x64  Code  Gb  stm32f1xx_hal_iwdg.o [2]
HAL_IWDG_MspInit        0x08001179    0x2  Code  Gb  stm32f1xx_hal_msp.o [2]
HAL_IncTick             0x08000e63    0xc  Code  Wk  stm32f1xx_hal.o [2]
HAL_Init                0x08000e1d   0x22  Code  Gb  stm32f1xx_hal.o [2]
HAL_InitTick            0x08000e3f   0x24  Code  Wk  stm32f1xx_hal.o [2]
HAL_MspInit             0x08001061   0x3e  Code  Gb  stm32f1xx_hal_msp.o [2]
HAL_NVIC_EnableIRQ      0x08001003    0xa  Code  Gb  stm32f1xx_hal_cortex.o [2]
HAL_NVIC_SetPriority    0x08000fe1   0x22  Code  Gb  stm32f1xx_hal_cortex.o [2]
HAL_NVIC_SetPriorityGrouping
                        0x08000fd9    0x8  Code  Gb  stm32f1xx_hal_cortex.o [2]
HAL_RCCEx_PeriphCLKConfig
                        0x080073ed  0x10e  Code  Gb  stm32f1xx_hal_rcc_ex.o [2]
HAL_RCC_CSSCallback     0x08000e19    0x2  Code  Wk  stm32f1xx_hal_rcc.o [2]
HAL_RCC_ClockConfig     0x0800092d  0x37c  Code  Gb  stm32f1xx_hal_rcc.o [2]
HAL_RCC_EnableCSS       0x08000ca9   0x12  Code  Gb  stm32f1xx_hal_rcc.o [2]
HAL_RCC_GetHCLKFreq     0x08000d39   0x2c  Code  Gb  stm32f1xx_hal_rcc.o [2]
HAL_RCC_GetPCLK1Freq    0x08000d6d   0x26  Code  Gb  stm32f1xx_hal_rcc.o [2]
HAL_RCC_GetPCLK2Freq    0x08000d99   0x26  Code  Gb  stm32f1xx_hal_rcc.o [2]
HAL_RCC_GetSysClockFreq
                        0x08000cbb   0x7e  Code  Gb  stm32f1xx_hal_rcc.o [2]
HAL_RCC_NMI_IRQHandler  0x08000dc5   0x16  Code  Gb  stm32f1xx_hal_rcc.o [2]
HAL_RCC_OscConfig       0x08000131  0x7fc  Code  Gb  stm32f1xx_hal_rcc.o [2]
HAL_SYSTICK_CLKSourceConfig
                        0x08001015   0x20  Code  Gb  stm32f1xx_hal_cortex.o [2]
HAL_SYSTICK_Callback    0x0800105d    0x2  Code  Wk  stm32f1xx_hal_cortex.o [2]
HAL_SYSTICK_Config      0x0800100d    0x8  Code  Gb  stm32f1xx_hal_cortex.o [2]
HAL_SYSTICK_IRQHandler  0x08001055    0x8  Code  Gb  stm32f1xx_hal_cortex.o [2]
HAL_UART_ErrorCallback  0x080069bd    0x2  Code  Wk  stm32f1xx_hal_uart.o [2]
HAL_UART_IRQHandler     0x0800688d  0x12c  Code  Gb  stm32f1xx_hal_uart.o [2]
HAL_UART_Init           0x0800681d   0x70  Code  Gb  stm32f1xx_hal_uart.o [2]
HAL_UART_MspInit        0x0800117b   0x64  Code  Gb  stm32f1xx_hal_msp.o [2]
HAL_UART_RxCpltCallback
                        0x080069bb    0x2  Code  Wk  stm32f1xx_hal_uart.o [2]
HAL_UART_TxCpltCallback
                        0x080069b9    0x2  Code  Wk  stm32f1xx_hal_uart.o [2]
HAL_WWDG_Init           0x0800759d   0x4c  Code  Gb  stm32f1xx_hal_wwdg.o [2]
HAL_WWDG_MspInit        0x080011df   0x26  Code  Gb  stm32f1xx_hal_msp.o [2]
I2C1_ER_IRQHandler      0x08007e95    0xa  Code  Gb  stm32f1xx_it.o [2]
I2C1_EV_IRQHandler      0x08007e8b    0xa  Code  Gb  stm32f1xx_it.o [2]
I2C_Configure_Speed     0x08005603   0x54  Code  Lc  stm32f1xx_hal_i2c.o [2]
I2C_MasterReceive_BTF   0x0800546b   0xa0  Code  Lc  stm32f1xx_hal_i2c.o [2]
I2C_MasterReceive_RXNE  0x080053f7   0x74  Code  Lc  stm32f1xx_hal_i2c.o [2]
I2C_MasterTransmit_BTF  0x080053a1   0x56  Code  Lc  stm32f1xx_hal_i2c.o [2]
I2C_MasterTransmit_TXE  0x08005379   0x28  Code  Lc  stm32f1xx_hal_i2c.o [2]
I2C_SlaveReceive_BTF    0x0800555f   0x1c  Code  Lc  stm32f1xx_hal_i2c.o [2]
I2C_SlaveReceive_RXNE   0x08005543   0x1c  Code  Lc  stm32f1xx_hal_i2c.o [2]
I2C_SlaveTransmit_BTF   0x08005527   0x1c  Code  Lc  stm32f1xx_hal_i2c.o [2]
I2C_SlaveTransmit_TXE   0x0800550b   0x1c  Code  Lc  stm32f1xx_hal_i2c.o [2]
I2C_Slave_ADDR          0x0800557b   0x16  Code  Lc  stm32f1xx_hal_i2c.o [2]
I2C_Slave_AF            0x080055cf   0x34  Code  Lc  stm32f1xx_hal_i2c.o [2]
I2C_Slave_STOPF         0x08005591   0x3e  Code  Lc  stm32f1xx_hal_i2c.o [2]
LCD_API_ColorConv_0     0x08008060   0x18  Data  Gb  GUICC_0.o [3]
LCD_API_ColorConv_666   0x08008048   0x18  Data  Gb  GUICC_666.o [3]
LCD_Color2Index         0x08002ddd   0x12  Code  Gb  LCD.o [3]
LCD_DrawBitmap          0x08002b13  0x14a  Code  Gb  LCD.o [3]
LCD_DrawHLine           0x08002955   0x3a  Code  Gb  LCD.o [3]
LCD_DrawPixel           0x080028fb   0x5a  Code  Gb  LCD.o [3]
LCD_FillRect            0x080029a5   0x54  Code  Gb  LCD.o [3]
LCD_GetBitsPerPixelEx   0x08003277    0x4  Code  Gb  LCD_GetEx.o [3]
LCD_GetNumColors        0x0800327f    0x8  Code  Gb  LCD_GetEx.o [3]
LCD_GetNumColorsEx      0x0800327b    0x4  Code  Gb  LCD_GetEx.o [3]
LCD_GetNumLayers        0x08003881   0x1a  Code  Gb  LCD_GetNumDisplays.o [3]
LCD_GetPalette          0x080032ab    0x8  Code  Gb  LCD_GetEx.o [3]
LCD_GetPaletteEx        0x08003295   0x16  Code  Gb  LCD_GetEx.o [3]
LCD_Index2Color         0x08002def   0x12  Code  Gb  LCD.o [3]
LCD_InitColors          0x0800341d   0x28  Code  Gb  LCD_Color.o [3]
LCD_InitLUT             0x08003445   0x6c  Code  Gb  LCD_Color.o [3]
LCD_SelectLCD           0x08003809   0x44  Code  Gb  LCD_SelectLCD.o [3]
LCD_SetBkColor          0x08002e25    0x8  Code  Gb  LCD.o [3]
LCD_SetBkColorIndex     0x08002e13   0x12  Code  Gb  LCD.o [3]
LCD_SetClipRectEx       0x08001f69   0x30  Code  Gb  LCD_SetClipRectEx.o [3]
LCD_SetClipRectMax      0x08002d3d   0x14  Code  Gb  LCD.o [3]
LCD_SetColor            0x08002e2d    0x8  Code  Gb  LCD.o [3]
LCD_SetColorIndex       0x08002e01   0x12  Code  Gb  LCD.o [3]
LCD_SetDrawMode         0x080028f1    0xa  Code  Gb  LCD.o [3]
LCD_SetLUTEntryEx       0x08003905   0x28  Code  Gb  LCD_Set.o [3]
LCD_SetSizeEx           0x080038c5   0x28  Code  Gb  LCD_Set.o [3]
LCD_SetVSizeEx          0x0800389d   0x28  Code  Gb  LCD_Set.o [3]
LCD_UpdateColorIndices  0x0800384d   0x24  Code  Gb  LCD_UpdateColorIndices.o [3]
LCD_X_Config            0x08003529   0x6a  Code  Gb  LCDConf_FlexColor_Template.o [2]
LCD_X_DisplayDriver     0x080035b5  0x1aa  Code  Gb  LCDConf_FlexColor_Template.o [2]
LCD__DrawBitmap_1bpp    0x080029f9  0x104  Code  Gb  LCD.o [3]
LCD__GetBPP             0x080032d5   0x72  Code  Gb  LCD_GetEx.o [3]
LCD__GetBPPDevice       0x08003347   0x32  Code  Gb  LCD_GetEx.o [3]
LCD__aConvTable         0x20000098    0x4  Data  Gb  LCD_Color.o [3]
LCD__pSetColorAPI       0x200000c0    0x4  Data  Gb  LCD.o [3]
LCD_aMirror             0x08007b6c  0x100  Data  Gb  LCD_Mirror.o [3]
LcdReadDataMultiple     0x0800351f    0xa  Code  Lc  LCDConf_FlexColor_Template.o [2]
LcdWriteData            0x08003513    0x2  Code  Lc  LCDConf_FlexColor_Template.o [2]
LcdWriteDataMultiple    0x08003515    0xa  Code  Lc  LCDConf_FlexColor_Template.o [2]
LcdWriteReg             0x08003511    0x2  Code  Lc  LCDConf_FlexColor_Template.o [2]
MX_ADC1_Init            0x080070c1   0x4a  Code  Lc  main.o [2]
MX_CRC_Init             0x0800710b   0x10  Code  Lc  main.o [2]
MX_GPIO_Init            0x080071d9   0xd0  Code  Lc  main.o [2]
MX_I2C1_Init            0x0800711b   0x42  Code  Lc  main.o [2]
MX_IWDG_Init            0x0800715d   0x1e  Code  Lc  main.o [2]
MX_USART1_UART_Init     0x0800717b   0x3c  Code  Lc  main.o [2]
MX_WWDG_Init            0x080071b7   0x22  Code  Lc  main.o [2]
NMI_Handler             0x08007e6d    0x8  Code  Gb  stm32f1xx_it.o [2]
NVIC_EnableIRQ          0x08000f37   0x14  Code  Lc  stm32f1xx_hal_cortex.o [2]
NVIC_EncodePriority     0x08000f6d   0x3e  Code  Lc  stm32f1xx_hal_cortex.o [2]
NVIC_GetPriorityGrouping
                        0x08000f2d    0xa  Code  Lc  stm32f1xx_hal_cortex.o [2]
NVIC_SetPriority        0x08000f4b   0x22  Code  Lc  stm32f1xx_hal_cortex.o [2]
NVIC_SetPriorityGrouping
                        0x08000f11   0x1c  Code  Lc  stm32f1xx_hal_cortex.o [2]
Region$$Table$$Base     0x08007fe0          --   Gb  - Linker created -
Region$$Table$$Limit    0x08008004          --   Gb  - Linker created -
SysTick_Config          0x08000fab   0x2e  Code  Lc  stm32f1xx_hal_cortex.o [2]
SysTick_Handler         0x08007e75    0xc  Code  Gb  stm32f1xx_it.o [2]
SystemClock_Config      0x08007049   0x78  Code  Gb  main.o [2]
SystemCoreClock         0x200000bc    0x4  Data  Gb  system_stm32f1xx.o [2]
SystemInit              0x08007e05   0x4e  Code  Gb  system_stm32f1xx.o [2]
UART_EndTransmit_IT     0x08006a2f   0x38  Code  Lc  stm32f1xx_hal_uart.o [2]
UART_Receive_IT         0x08006a67   0xbc  Code  Lc  stm32f1xx_hal_uart.o [2]
UART_SetConfig          0x08006b23  0x10a  Code  Lc  stm32f1xx_hal_uart.o [2]
UART_Transmit_IT        0x080069bf   0x70  Code  Lc  stm32f1xx_hal_uart.o [2]
USART1_IRQHandler       0x08007e9f    0xa  Code  Gb  stm32f1xx_it.o [2]
WM_Activate             0x08001e29    0xc  Code  Gb  WM.o [3]
WM_BringToBottom        0x080027f1   0x84  Code  Gb  WM_BringToBottom.o [3]
WM_CreateWindowAsChild  0x080019c1  0x13c  Code  Gb  WM.o [3]
WM_DefaultProc          0x08001e39   0x42  Code  Gb  WM.o [3]
WM_GetDesktopWindow     0x08003761   0x18  Code  Gb  WM_GetDesktopWindow.o [3]
WM_GetFirstChild        0x080026e5    0xe  Code  Gb  WM_GetFirstChild.o [3]
WM_GetParent            0x080033fd    0xe  Code  Gb  WM_GetParent.o [3]
WM_Init                 0x08001e97   0xb0  Code  Gb  WM.o [3]
WM_InvalidateRect       0x0800194d   0x70  Code  Gb  WM.o [3]
WM_InvalidateWindow     0x080019bd    0x4  Code  Gb  WM.o [3]
WM_InvalidateWindowAndDescsEx
                        0x080016b7   0x54  Code  Gb  WM.o [3]
WM_MULTIBUF__pAPI       0x200029dc    0x4  Data  Gb  WM.o [3]
WM_SelectWindow         0x08001b33   0x36  Code  Gb  WM.o [3]
WM_SendToParent         0x08003023   0x1c  Code  Gb  WM_SendToParent.o [3]
WM__ActivateClipRect    0x0800157d   0x44  Code  Gb  WM.o [3]
WM__AddCriticalHandle   0x08003175    0xa  Code  Gb  WM_CriticalHandle.o [3]
WM__Client2Screen       0x08001659   0x10  Code  Gb  WM.o [3]
WM__ClipAtParentBorders
                        0x0800153d   0x40  Code  Gb  WM.o [3]
WM__CreateFlags         0x200029d4    0x4  Data  Gb  WM.o [3]
WM__FirstWin            0x200029c4    0x4  Data  Gb  WM.o [3]
WM__GetClientRectEx     0x08003001   0x22  Code  Gb  WM_GetClientRect.o [3]
WM__GetClientRectWin    0x08001935   0x18  Code  Gb  WM.o [3]
WM__GetFirstSibling     0x08003871   0x10  Code  Gb  WM__GetFirstSibling.o [3]
WM__GetNextIVR          0x08001cad   0x36  Code  Gb  WM.o [3]
WM__GetPrevSibling      0x080033db   0x22  Code  Gb  WM__GetPrevSibling.o [3]
WM__GetTopLevelLayer    0x08001b07   0x18  Code  Gb  WM.o [3]
WM__InitIVRSearch       0x08001ce3   0xd8  Code  Gb  WM.o [3]
WM__InsertWindowIntoList
                        0x080015c1   0x92  Code  Gb  WM.o [3]
WM__Invalidate1Abs      0x08001539    0x4  Code  Gb  WM.o [3]
WM__InvalidateDrawAndDescs
                        0x08001669   0x4e  Code  Gb  WM.o [3]
WM__InvalidateRect      0x08001715   0x72  Code  Gb  WM.o [3]
WM__InvalidateRectEx    0x08001787    0x4  Code  Gb  WM.o [3]
WM__ModalLayer          0x20000090    0x4  Data  Gb  WM_Touch.o [3]
WM__NumInvalidWindows   0x200029a4    0x2  Data  Gb  WM.o [3]
WM__NumWindows          0x200029a2    0x2  Data  Gb  WM.o [3]
WM__PaintCallbackCnt    0x200029a0    0x1  Data  Gb  WM.o [3]
WM__RectIsNZ            0x0800178b   0x20  Code  Gb  WM.o [3]
WM__SelectTopLevelLayer
                        0x08001b1f   0x14  Code  Gb  WM.o [3]
WM__SendMessage         0x0800278d   0x40  Code  Gb  WM__SendMessage.o [3]
WM__SendMsgNoData       0x08001923   0x12  Code  Gb  WM.o [3]
WM__TouchedLayer        0x200029c0    0x4  Data  Gb  WM.o [3]
WM__TransWindowCnt      0x200029e0    0x4  Data  Gb  WM.o [3]
WM__aBkColor            0x200029cc    0x8  Data  Gb  WM.o [3]
WM__aCHWinLast          0x20002ab0   0x10  Data  Gb  WM_Touch.o [3]
WM__aCHWinModal         0x20000080   0x10  Data  Gb  WM_Touch.o [3]
WM__aCHWinMouseOver     0x20002ac0   0x10  Data  Gb  WM_Touch.o [3]
WM__ahCapture           0x200029b0    0x8  Data  Gb  WM.o [3]
WM__ahDesktopWin        0x200029a8    0x8  Data  Gb  WM.o [3]
WM__ahWinFocus          0x200029b8    0x8  Data  Gb  WM.o [3]
WM__hATransWindow       0x200029e4    0x4  Data  Gb  WM.o [3]
WM__hCreateStatic       0x20002bc0    0x4  Data  Gb  WM.o [3]
WM__pExecGestures       0x200029e8    0x4  Data  Gb  WM.o [3]
WM__pFirstCriticalHandle
                        0x200029c8    0x4  Data  Gb  WM.o [3]
WM_pfPollPID            0x200029d8    0x4  Data  Gb  WM.o [3]
_AddFreeMemory          0x08001ff3   0x80  Code  Lc  GUI_Alloc.o [3]
_Alloc                  0x0800237f   0xe4  Code  Lc  GUI_Alloc.o [3]
_CalcSizeOfChar         0x08007fc5    0x4  Code  Lc  GUI_UC_EncodeNone.o [3]
_ClipContext            0x20002988   0x18  Data  Lc  WM.o [3]
_Color2IndexBulk        0x08007da3   0x2a  Code  Lc  GUICC_666.o [3]
_Color2Index_0          0x08007c6d   0x50  Code  Lc  GUICC_0.o [3]
_Color2Index_666        0x08007d65   0x1c  Code  Lc  GUICC_666.o [3]
_Config                 0x20002b58    0xc  Data  Lc  GUI_Alloc.o [3]
_Convert16              0x08005cb9   0x22  Code  Lc  GUIDEV_WriteToActiveOpaque.o [3]
_Convert8               0x08005cdb   0x22  Code  Lc  GUIDEV_WriteToActiveOpaque.o [3]
_Data2Index_16bpp_B16   0x08006ea1   0x1a  Code  Lc  GUIDRV_FlexColor_Func66720.o [3]
_Data2Index_16bpp_B8    0x08006e23   0x16  Code  Lc  GUIDRV_FlexColor_Func66720.o [3]
_DeleteWindows          0x200029f0    0x4  Data  Lc  WM.o [3]
_DesktopHandle2Index    0x08001455   0x1e  Code  Lc  WM.o [3]
_DispLine               0x0800763f   0x64  Code  Lc  GUI_CharLine.o [3]
_DrawBitLine16BPP_DDB   0x08003f5d   0x2e  Code  Lc  GUIDEV_16.o [3]
_DrawBitLine1BPP        0x080056c3  0x13e  Code  Lc  GUIDRV_FlexColor_16bpp_C0B8.o [3]
_DrawBitLine1BPP        0x08004019  0x11e  Code  Lc  GUIDEV_16.o [3]
_DrawBitLine2BPP        0x0800580d   0x7e  Code  Lc  GUIDRV_FlexColor_16bpp_C0B8.o [3]
_DrawBitLine2BPP        0x08004145   0xd0  Code  Lc  GUIDEV_16.o [3]
_DrawBitLine32BPP       0x08003f8b   0x58  Code  Lc  GUIDEV_16.o [3]
_DrawBitLine4BPP        0x080058a3   0x7e  Code  Lc  GUIDRV_FlexColor_16bpp_C0B8.o [3]
_DrawBitLine4BPP        0x0800422f  0x140  Code  Lc  GUIDEV_16.o [3]
_DrawBitLine8BPP        0x080059cd   0xbc  Code  Lc  GUIDRV_FlexColor_16bpp_C0B8.o [3]
_DrawBitLine8BPP        0x0800437b   0x58  Code  Lc  GUIDEV_16.o [3]
_DrawBitLine8BPP_DDB    0x080043d3   0x4c  Code  Lc  GUIDEV_16.o [3]
_DrawBitmap             0x080039d3   0x28  Code  Lc  GUIDRV_FlexColor.o [3]
_DrawBitmap             0x08005b8d   0xc0  Code  Lc  GUIDRV_FlexColor_16bpp_C0B8.o [3]
_DrawBitmap             0x08004439  0x14c  Code  Lc  GUIDEV_16.o [3]
_DrawHLine              0x080039af    0x8  Code  Lc  GUIDRV_FlexColor.o [3]
_DrawHLine              0x0800466d    0xa  Code  Lc  GUIDEV_16.o [3]
_DrawVLine              0x080039b7    0x8  Code  Lc  GUIDRV_FlexColor.o [3]
_DrawVLine              0x08004677   0x96  Code  Lc  GUIDEV_16.o [3]
_Encode                 0x08007fc9    0x6  Code  Lc  GUI_UC_EncodeNone.o [3]
_EnlargeBlocks          0x0800223b   0x88  Code  Lc  GUI_Alloc.o [3]
_FillRect               0x080039c9    0xa  Code  Lc  GUIDRV_FlexColor.o [3]
_FillRect               0x08005a89  0x104  Code  Lc  GUIDRV_FlexColor_16bpp_C0B8.o [3]
_FillRect               0x080045c9   0xa4  Code  Lc  GUIDEV_16.o [3]
_FindNext_IVR           0x08001b6f  0x12e  Code  Lc  WM.o [3]
_Findx0                 0x0800184d   0x6c  Code  Lc  WM.o [3]
_Findx1                 0x080018c1   0x5c  Code  Lc  WM.o [3]
_Findy1                 0x080017ab   0x92  Code  Lc  WM.o [3]
_GetCharCode            0x08007fbd    0x4  Code  Lc  GUI_UC_EncodeNone.o [3]
_GetCharSize            0x08007fc1    0x4  Code  Lc  GUI_UC_EncodeNone.o [3]
_GetDevData             0x08003c5d    0xe  Code  Lc  GUIDRV_FlexColor.o [3]
_GetDevData             0x080047f1    0xe  Code  Lc  GUIDEV_16.o [3]
_GetDevFunc             0x08003bad   0x58  Code  Lc  GUIDRV_FlexColor.o [3]
_GetDevFunc             0x080047ff    0xc  Code  Lc  GUIDEV_16.o [3]
_GetDevFunc_Init        0x08003a1b   0x4c  Code  Lc  GUIDRV_FlexColor.o [3]
_GetDevFunc_SetRect     0x08003a8b    0x2  Code  Lc  GUIDRV_FlexColor.o [3]
_GetDevFunc_SetRectOutside
                        0x08003a8d   0x3a  Code  Lc  GUIDRV_FlexColor.o [3]
_GetDevFunc_SetSize     0x08003a75    0xe  Code  Lc  GUIDRV_FlexColor.o [3]
_GetDevFunc_SetVSize    0x08003a67    0xe  Code  Lc  GUIDRV_FlexColor.o [3]
_GetDevProp             0x08003259   0x1e  Code  Lc  LCD_GetEx.o [3]
_GetDevProp             0x08003c05   0x58  Code  Lc  GUIDRV_FlexColor.o [3]
_GetDevProp             0x08004825   0x10  Code  Lc  GUIDEV_16.o [3]
_GetIndexMask_0         0x08007cdb   0x4a  Code  Lc  GUICC_0.o [3]
_GetIndexMask_666       0x08007d9f    0x4  Code  Lc  GUICC_666.o [3]
_GetMinIndex            0x08001f99   0x18  Code  Lc  GUI_Alloc.o [3]
_GetPixelIndex          0x08003981    0x8  Code  Lc  GUIDRV_FlexColor.o [3]
_GetPixelIndex          0x080047a3    0xe  Code  Lc  GUIDEV_16.o [3]
_GetRect                0x08003c6b   0x16  Code  Lc  GUIDRV_FlexColor.o [3]
_GetRect                0x080047b1   0x3a  Code  Lc  GUIDEV_16.o [3]
_GotoX                  0x080034cf    0xa  Code  Lc  GUI_Goto.o [3]
_GotoY                  0x080034c5    0xa  Code  Lc  GUI_Goto.o [3]
_HL_APIList             0x08002ff8    0x8  Data  Lc  GUI_Core.o [3]
_Index2ColorBulk        0x08007dcd   0x2c  Code  Lc  GUICC_666.o [3]
_Index2Color_0          0x08007cbd   0x1e  Code  Lc  GUICC_0.o [3]
_Index2Color_666        0x08007d81   0x1e  Code  Lc  GUICC_666.o [3]
_InitOnce               0x080022c3   0x9c  Code  Lc  GUI_Alloc.o [3]
_Invalidate1Abs         0x080014b7   0x82  Code  Lc  WM.o [3]
_IsInited               0x200029a1    0x1  Data  Lc  WM.o [3]
_IsInitialized          0x20002b90    0x4  Data  Lc  GUI_Core.o [3]
_Key                    0x200000ac    0x4  Data  Lc  GUI_OnKey.o [3]
_Log2PhysX_X0Y0S0       0x08003935    0x4  Code  Lc  GUIDRV_FlexColor.o [3]
_Log2PhysX_X0Y0S1       0x08003949    0x4  Code  Lc  GUIDRV_FlexColor.o [3]
_Log2PhysX_X0Y1S0       0x0800393b    0x4  Code  Lc  GUIDRV_FlexColor.o [3]
_Log2PhysX_X0Y1S1       0x0800394f    0x4  Code  Lc  GUIDRV_FlexColor.o [3]
_Log2PhysX_X1Y0S0       0x08003939    0x2  Code  Lc  GUIDRV_FlexColor.o [3]
_Log2PhysX_X1Y0S1       0x0800394d    0x2  Code  Lc  GUIDRV_FlexColor.o [3]
_Log2PhysX_X1Y1S0       0x0800393f    0x2  Code  Lc  GUIDRV_FlexColor.o [3]
_Log2PhysX_X1Y1S1       0x08003953    0x2  Code  Lc  GUIDRV_FlexColor.o [3]
_Log2PhysY_X0Y0S0       0x0800395d    0x4  Code  Lc  GUIDRV_FlexColor.o [3]
_Log2PhysY_X0Y0S1       0x08003969    0x4  Code  Lc  GUIDRV_FlexColor.o [3]
_Log2PhysY_X0Y1S0       0x08003965    0x2  Code  Lc  GUIDRV_FlexColor.o [3]
_Log2PhysY_X0Y1S1       0x08003971    0x2  Code  Lc  GUIDRV_FlexColor.o [3]
_Log2PhysY_X1Y0S0       0x08003961    0x4  Code  Lc  GUIDRV_FlexColor.o [3]
_Log2PhysY_X1Y0S1       0x0800396d    0x4  Code  Lc  GUIDRV_FlexColor.o [3]
_Log2PhysY_X1Y1S0       0x08003967    0x2  Code  Lc  GUIDRV_FlexColor.o [3]
_Log2PhysY_X1Y1S1       0x08003973    0x2  Code  Lc  GUIDRV_FlexColor.o [3]
_Log2VisBuffered        0x0800763d    0x2  Code  Lc  GUI_CharLine.o [3]
_NextDrawWin            0x200029ec    0x4  Data  Lc  WM.o [3]
_NumColors              0x20000094    0x4  Data  Lc  LCD_Color.o [3]
_OnExit                 0x08002209   0x32  Code  Lc  GUI_Alloc.o [3]
_OnExit                 0x08002e5d   0x24  Code  Lc  GUI_Core.o [3]
_OnExit                 0x0800340d   0x10  Code  Lc  LCD_Color.o [3]
_OnExit                 0x08001e7b   0x1c  Code  Lc  WM.o [3]
_PushFreeBlock          0x0800235f   0x20  Code  Lc  GUI_Alloc.o [3]
_ReadData               0x080056b9    0x6  Code  Lc  GUIDRV_FlexColor_16bpp_C0B8.o [3]
_ReadPixelCust_16bpp    0x08003ac7    0xc  Code  Lc  GUIDRV_FlexColor.o [3]
_ReadPixelCust_18bpp    0x08003ad3    0xc  Code  Lc  GUIDRV_FlexColor.o [3]
_ReadPixel_16bpp_B16_I  0x08006ebb   0x2a  Code  Lc  GUIDRV_FlexColor_Func66720.o [3]
_ReadPixel_16bpp_B8     0x08006e39   0x26  Code  Lc  GUIDRV_FlexColor_Func66720.o [3]
_ReadRectCust_16bpp     0x08003adf   0x1c  Code  Lc  GUIDRV_FlexColor.o [3]
_ReadRectCust_18bpp     0x08003afb   0x1c  Code  Lc  GUIDRV_FlexColor.o [3]
_ReadRect_16bpp_B16_I   0x08006ee5   0x44  Code  Lc  GUIDRV_FlexColor_Func66720.o [3]
_ReadRect_16bpp_B8      0x08006e5f   0x42  Code  Lc  GUIDRV_FlexColor_Func66720.o [3]
_RemoveFreeBlock        0x08001fc1   0x32  Code  Lc  GUI_Alloc.o [3]
_RemoveHoles            0x0800207b   0x92  Code  Lc  GUI_Alloc.o [3]
_SetBkColor             0x08002899   0x1a  Code  Lc  LCD.o [3]
_SetClipRectUserIntersect
                        0x08001473   0x44  Code  Lc  WM.o [3]
_SetColor               0x080028b3   0x1a  Code  Lc  LCD.o [3]
_SetColorAPI            0x080080b8    0xc  Data  Lc  LCD.o [3]
_SetDevFunc             0x08003b41   0x6c  Code  Lc  GUIDRV_FlexColor.o [3]
_SetDrawMode            0x080028cd   0x24  Code  Lc  LCD.o [3]
_SetInterface           0x08006f6d   0x1e  Code  Lc  GUIDRV_FlexColor_Func66720.o [3]
_SetOrg                 0x080039fb   0x20  Code  Lc  GUIDRV_FlexColor.o [3]
_SetOrg                 0x08004819    0xc  Code  Lc  GUIDEV_16.o [3]
_SetOrientation         0x08006def   0x34  Code  Lc  GUIDRV_FlexColor_Func66720.o [3]
_SetPhysRAMAddr         0x08006c39   0x72  Code  Lc  GUIDRV_FlexColor_Func66720.o [3]
_SetPixelIndex          0x08003975    0xc  Code  Lc  GUIDRV_FlexColor.o [3]
_SetPixelIndex          0x08004717   0x2e  Code  Lc  GUIDEV_16.o [3]
_SetRect                0x08006cb3  0x112  Code  Lc  GUIDRV_FlexColor_Func66720.o [3]
_SetReg_B16             0x08006f4f    0xa  Code  Lc  GUIDRV_FlexColor_Func66720.o [3]
_SetReg_B8              0x08006f35   0x1a  Code  Lc  GUIDRV_FlexColor_Func66720.o [3]
_TestRAM                0x0800210d   0xe0  Code  Lc  GUI_Alloc.o [3]
_UnlinkDevice           0x08003041   0x2a  Code  Lc  GUI_Device.o [3]
_WriteData              0x080056bf    0x4  Code  Lc  GUIDRV_FlexColor_16bpp_C0B8.o [3]
_WriteDataMP            0x08005671   0x48  Code  Lc  GUIDRV_FlexColor_16bpp_C0B8.o [3]
_WritePara_B16          0x08006f63    0xa  Code  Lc  GUIDRV_FlexColor_Func66720.o [3]
_WritePara_B8           0x08006f59    0xa  Code  Lc  GUIDRV_FlexColor_Func66720.o [3]
_WriteTagData           0x08001fb1   0x10  Code  Lc  GUI_Alloc.o [3]
_WriteToActiveOpaque_8  0x08005d1d  0x26c  Code  Lc  GUIDEV_WriteToActiveOpaque.o [3]
_WriteToActiveOpaque_HT
                        0x08005ff5  0x222  Code  Lc  GUIDEV_WriteToActiveOpaque.o [3]
_WriteU16_A1            0x0800565d   0x14  Code  Lc  GUIDRV_FlexColor_16bpp_C0B8.o [3]
_XY2PTR                 0x08003fe3   0x36  Code  Lc  GUIDEV_16.o [3]
_XorPixel               0x08003989   0x26  Code  Lc  GUIDRV_FlexColor.o [3]
_XorPixel               0x0800474d   0x3c  Code  Lc  GUIDEV_16.o [3]
__aeabi_memclr          0x080031fd         Code  Gb  ABImemclr.o [5]
__aeabi_memclr4         0x0800392d         Code  Gb  ABImemclr4.o [5]
__cmain                 0x08008005         Code  Gb  cmain.o [5]
__exit                  0x08008035   0x14  Code  Gb  exit.o [6]
__iar_Memset4_word      0x08003f29         Code  Gb  ABImemset48.o [5]
__iar_Memset8_word      0x08003f29         Code  Gb  ABImemset48.o [5]
__iar_Memset_word       0x080037a9         Code  Gb  ABImemset.o [5]
__iar_copy_init3        0x08007f69   0x2c  Code  Gb  copy_init3.o [5]
__iar_data_init3        0x08007f95   0x28  Code  Gb  data_init.o [5]
__iar_program_start     0x080080c5         Code  Gb  cstartup_M.o [5]
__iar_unaligned___aeabi_memcpy
                        0x08000e99         Code  Gb  ABImemcpy_unaligned.o [5]
__iar_unaligned___aeabi_memcpy4
                        0x08000eb9         Code  Gb  ABImemcpy_unaligned.o [5]
__iar_unaligned___aeabi_memcpy8
                        0x08000eb9         Code  Gb  ABImemcpy_unaligned.o [5]
__iar_unaligned___aeabi_memmove
                        0x08003185         Code  Gb  ABImemmove_unaligned.o [5]
__iar_unaligned___aeabi_memmove4
                        0x08003185         Code  Gb  ABImemmove_unaligned.o [5]
__iar_unaligned___aeabi_memmove8
                        0x08003185         Code  Gb  ABImemmove_unaligned.o [5]
__iar_zero_init3        0x08007ef5   0x40  Code  Gb  zero_init3.o [5]
__low_level_init        0x0800801f    0x4  Code  Gb  low_level_init.o [4]
__vector_table          0x08000000         Data  Gb  startup_stm32f101xe.o [2]
_aID                    0x08004834   0x40  Data  Lc  GUIDEV_16.o [3]
_aState                 0x20002a00   0x58  Data  Lc  GUI_OnKey.o [3]
_aStateLast             0x20002a98   0x18  Data  Lc  WM_Touch.o [3]
_call_main              0x08008011         Code  Gb  cmain.o [5]
_exit                   0x08008029         Code  Gb  cexit.o [5]
_main                   0x0800801b         Code  Gb  cmain.o [5]
_pFirstExit             0x20002bb8    0x4  Data  Lc  GUI_Core.o [3]
_pFuncRefreshHook       0x20002b6c    0x4  Data  Lc  GUI__ManageCache.o [3]
_pReadKey               0x200000a4    0x4  Data  Lc  GUI_OnKey.o [3]
_pWriteKey              0x200000a8    0x4  Data  Lc  GUI_OnKey.o [3]
_pcbMotion              0x20002ad0    0x4  Data  Lc  WM_Touch.o [3]
_pcbToolTip             0x20002ad4    0x4  Data  Lc  WM_Touch.o [3]
_pfHook                 0x200000b0    0x4  Data  Lc  GUI_OnKey.o [3]
_pfReadPixel_16bpp_B16  0x200000b4    0x4  Data  Lc  GUIDRV_FlexColor_Func66720.o [3]
_pfReadRect_16bpp_B16   0x200000b8    0x4  Data  Lc  GUIDRV_FlexColor_Func66720.o [3]
_pfSignalEvent          0x20002bc4    0x4  Data  Lc  GUI_WaitEvent.o [3]
aAPBAHBPrescTable       0x08008098   0x10  Data  Gb  stm32f1xx_hal_rcc.o [2]
cbBackWin               0x08001ddf   0x4a  Code  Lc  WM.o [3]
emWin_LCD_Init          0x08002d51   0x8c  Code  Gb  LCD.o [3]
exit                    0x08008023    0x4  Code  Gb  exit.o [4]
hadc1                   0x20002b14   0x30  Data  Gb  main.o [2]
hcrc                    0x20002b9c    0x8  Data  Gb  main.o [2]
hi2c1                   0x20002ad8   0x3c  Data  Gb  main.o [2]
hiwdg                   0x20002b80   0x10  Data  Gb  main.o [2]
huart1                  0x20002a58   0x40  Data  Gb  main.o [2]
hwwdg                   0x20002b44   0x14  Data  Gb  main.o [2]
main                    0x08007005   0x44  Code  Gb  main.o [2]
uwTick                  0x20002bac    0x4  Data  Lc  stm32f1xx_hal.o [2]


[1] = command line
[2] = d:\WORK FOLDER\Projects\VMZ\MSU-500\PRG_WRK_Copy\trunk\EWARM\MSU5001 Configuration\Obj
[3] = STemWin528_CM3_IAR.a
[4] = dl7M_tlf.a
[5] = rt7M_tl.a
[6] = shb_l.a

  30 576 bytes of readonly  code memory
   2 792 bytes of readonly  data memory
  12 240 bytes of readwrite data memory

Errors: none
Warnings: none
